Archive member included to satisfy reference by file (symbol)

lib/libAP_Bootloader_libs.a(uavcan.protocol.GetNodeInfo_res.c.5.o)
                              Tools/AP_Bootloader/can.cpp.7.o (uavcan_protocol_GetNodeInfoResponse_encode)
lib/libAP_Bootloader_libs.a(uavcan.protocol.NodeStatus.c.5.o)
                              Tools/AP_Bootloader/can.cpp.7.o (uavcan_protocol_NodeStatus_encode)
lib/libAP_Bootloader_libs.a(uavcan.protocol.dynamic_node_id.Allocation.c.5.o)
                              Tools/AP_Bootloader/can.cpp.7.o (uavcan_protocol_dynamic_node_id_Allocation_decode)
lib/libAP_Bootloader_libs.a(uavcan.protocol.file.BeginFirmwareUpdate_req.c.5.o)
                              Tools/AP_Bootloader/can.cpp.7.o (uavcan_protocol_file_BeginFirmwareUpdateRequest_decode)
lib/libAP_Bootloader_libs.a(uavcan.protocol.file.BeginFirmwareUpdate_res.c.5.o)
                              Tools/AP_Bootloader/can.cpp.7.o (uavcan_protocol_file_BeginFirmwareUpdateResponse_encode)
lib/libAP_Bootloader_libs.a(uavcan.protocol.file.Read_req.c.5.o)
                              Tools/AP_Bootloader/can.cpp.7.o (uavcan_protocol_file_ReadRequest_encode)
lib/libAP_Bootloader_libs.a(uavcan.protocol.file.Read_res.c.5.o)
                              Tools/AP_Bootloader/can.cpp.7.o (uavcan_protocol_file_ReadResponse_decode)
lib/libAP_Bootloader_libs.a(crc.cpp.0.o)
                              Tools/AP_Bootloader/bl_protocol.cpp.7.o (crc32_small(unsigned long, unsigned char const*, unsigned long))
lib/libAP_Bootloader_libs.a(AP_CheckFirmware.cpp.0.o)
                              Tools/AP_Bootloader/AP_Bootloader.cpp.7.o (check_good_firmware())
lib/libAP_Bootloader_libs.a(RingBuffer.cpp.0.o)
                              Tools/AP_Bootloader/can.cpp.7.o (ByteBuffer::~ByteBuffer())
lib/libAP_Bootloader_libs.a(CanIface.cpp.0.o)
                              Tools/AP_Bootloader/can.cpp.7.o (ChibiOS::CANIface::send(AP_HAL::CANFrame const&, unsigned long long, unsigned short))
lib/libAP_Bootloader_libs.a(system.cpp.8.o)
                              lib/libAP_Bootloader_libs.a(CanIface.cpp.0.o) (AP_HAL::panic(char const*, ...))
lib/libAP_Bootloader_libs.a(CANIface.cpp.0.o)
                              lib/libAP_Bootloader_libs.a(CanIface.cpp.0.o) (AP_HAL::CANIface::register_frame_callback(Functor<void, unsigned char, AP_HAL::CANFrame const&>))
Tools/AP_Periph/liblibcanard.a(canard.c.23.o)
                              Tools/AP_Bootloader/can.cpp.7.o (canardInit)
modules/ChibiOS//libch.a(vectors.o)
                              (Reset_Handler)
modules/ChibiOS//libch.a(chcore.o)
                              lib/libAP_Bootloader_libs.a(CanIface.cpp.0.o) (__port_irq_epilogue)
modules/ChibiOS//libch.a(nvic.o)
                              lib/libAP_Bootloader_libs.a(CanIface.cpp.0.o) (nvicEnableVector)
modules/ChibiOS//libch.a(chschd.o)
                              modules/ChibiOS//libch.a(chcore.o) (chSchIsPreemptionRequired)
modules/ChibiOS//libch.a(chsys.o)
                              lib/libAP_Bootloader_libs.a(system.cpp.8.o) (chSysHalt)
modules/ChibiOS//libch.a(chthreads.o)
                              (chThdExit)
modules/ChibiOS//libch.a(chvt.o)
                              Tools/AP_Bootloader/bl_protocol.cpp.7.o (chVTDoSetI)
modules/ChibiOS//libch.a(stubs.o)
                              (_getpid)
modules/ChibiOS//libch.a(flash.o)
                              Tools/AP_Bootloader/support.cpp.7.o (stm32_flash_getpagesize)
modules/ChibiOS//libch.a(malloc.o)
                              modules/ChibiOS//libch.a(chsys.o) (memory_flush_all)
modules/ChibiOS//libch.a(hrt.o)
                              lib/libAP_Bootloader_libs.a(system.cpp.8.o) (hrt_micros64)
modules/ChibiOS//libch.a(stm32_util.o)
                              Tools/AP_Bootloader/AP_Bootloader.cpp.7.o (check_fast_reboot)
modules/ChibiOS//libch.a(watchdog.o)
                              Tools/AP_Bootloader/bl_protocol.cpp.7.o (stm32_watchdog_init)
modules/ChibiOS//libch.a(crt0_v7m.o)
                              modules/ChibiOS//libch.a(vectors.o) (_crt0_entry)
modules/ChibiOS//libch.a(chcoreasm.o)
                              modules/ChibiOS//libch.a(chschd.o) (__port_switch)
modules/ChibiOS//libch.a(crt1.o)
                              modules/ChibiOS//libch.a(crt0_v7m.o) (__cpu_init)
modules/ChibiOS//libch.a(hal_st.o)
                              modules/ChibiOS//libch.a(chthreads.o) (stGetCounter)
modules/ChibiOS//libch.a(chinstances.o)
                              modules/ChibiOS//libch.a(chsys.o) (chInstanceObjectInit)
modules/ChibiOS//libch.a(chrfcu.o)
                              modules/ChibiOS//libch.a(chvt.o) (chRFCUCollectFaultsI)
modules/ChibiOS//libch.a(board.o)
                              modules/ChibiOS//libch.a(crt0_v7m.o) (__early_init)
modules/ChibiOS//libch.a(hal_st_lld.o)
                              modules/ChibiOS//libch.a(hal_st.o) (st_lld_init)
modules/ChibiOS//libch.a(hal_lld.o)
[...]
Memory Configuration

Name             Origin             Length             Attributes
flash            0x0000000008000000 0x0000000000009000
ram0             0x0000000020000100 0x000000000000ff00
*default*        0x0000000000000000 0xffffffffffffffff

Linker script and memory map

                0x0000000020000100                __ram0_start__ = ORIGIN (ram0)
                0x000000000000ff00                __ram0_size__ = LENGTH (ram0)
                0x0000000020010000                __ram0_end__ = (__ram0_start__ + __ram0_size__)
                0x0000000000000000                . = 0x0
                0x0000000000000000                _text = .

startup         0x0000000008000000      0x1a0
 *(.vectors)
 .vectors       0x0000000008000000      0x1a0 modules/ChibiOS//libch.a(vectors.o)
                0x0000000008000000                _vectors

constructors    0x00000000080001a0        0x4
                0x00000000080001a0                __init_array_base__ = .
 *(SORT_BY_NAME(.init_array.*))
 *(.init_array)
 .init_array    0x00000000080001a0        0x4 Tools/AP_Bootloader/can.cpp.7.o
                0x00000000080001a4                __init_array_end__ = .

destructors     0x00000000080001a4        0x0
                0x00000000080001a4                __fini_array_base__ = .
 *(.fini_array)
 *(SORT_BY_NAME(.fini_array.*))
                0x00000000080001a4                __fini_array_end__ = .

.text           0x00000000080001b0     0x4a5e
 *(.apsec_data)
 *(.app_descriptor)
 *(.text)
 .text          0x00000000080001b0        0x8 modules/ChibiOS//libch.a(vectors.o)
                0x00000000080001b0                Reset_Handler
                0x00000000080001b2                VectorE8
                0x00000000080001b2                VectorAC
                0x00000000080001b2                DebugMon_Handler
                0x00000000080001b2                Vector11C
                0x00000000080001b2                Vector19C
                0x00000000080001b2                SysTick_Handler
                0x00000000080001b2                VectorDC
                0x00000000080001b2                PendSV_Handler
                0x00000000080001b2                Vector168
                0x00000000080001b2                Vector110
                0x00000000080001b2                Vector120
                0x00000000080001b2                VectorC8
                0x00000000080001b2                VectorA8
                0x00000000080001b2                VectorB4
                0x00000000080001b2                Vector74
                0x00000000080001b2                Vector160
                0x00000000080001b2                VectorEC
                0x00000000080001b2                Vector40
                0x00000000080001b2                VectorF8
                0x00000000080001b2                Vector108
                0x00000000080001b2                VectorBC
                0x00000000080001b2                Vector190
                0x00000000080001b2                Vector150
                0x00000000080001b2                Vector124
                0x00000000080001b2                Vector148
                0x00000000080001b2                Vector188
                0x00000000080001b2                Vector198
                0x00000000080001b2                Vector118
                0x00000000080001b2                VectorCC
                0x00000000080001b2                Vector54
                0x00000000080001b2                Vector98
                0x00000000080001b2                VectorD8
                0x00000000080001b2                Vector138
                0x00000000080001b2                Vector24
                0x00000000080001b2                Vector178
                0x00000000080001b2                Vector84
                0x00000000080001b2                SecureFault_Handler
                0x00000000080001b2                VectorD0
                0x00000000080001b2                Vector140
                0x00000000080001b2                VectorE4
                0x00000000080001b2                VectorC0
                0x00000000080001b2                Vector158
                0x00000000080001b2                Vector130
                0x00000000080001b2                Vector134
                0x00000000080001b2                VectorF0
                0x00000000080001b2                Vector12C
                0x00000000080001b2                Vector13C
                0x00000000080001b2                Vector100
                0x00000000080001b2                VectorF4
                0x00000000080001b2                Vector6C
                0x00000000080001b2                VectorA0
                0x00000000080001b2                VectorC4
                0x00000000080001b2                Vector7C
                0x00000000080001b2                Vector180
                0x00000000080001b2                Vector114
                0x00000000080001b2                Vector164
                0x00000000080001b2                Vector17C
                0x00000000080001b2                Vector48
                0x00000000080001b2                Vector16C
                0x00000000080001b2                Vector70
                0x00000000080001b2                VectorD4
                0x00000000080001b2                Vector4C
                0x00000000080001b2                Vector144
                0x00000000080001b2                Vector80
                0x00000000080001b2                Vector15C
                0x00000000080001b2                Vector78
                0x00000000080001b2                Vector170
                0x00000000080001b2                Vector88
                0x00000000080001b2                Vector104
                0x00000000080001b2                Vector184
                0x00000000080001b2                Vector10C
                0x00000000080001b2                Vector14C
                0x00000000080001b2                Vector50
                0x00000000080001b2                Vector194
                0x00000000080001b2                Vector154
                0x00000000080001b2                Vector44
                0x00000000080001b2                Vector28
                0x00000000080001b2                VectorB8
                0x00000000080001b2                VectorFC
                0x00000000080001b2                Vector34
                0x00000000080001b2                Vector128
                0x00000000080001b2                VectorA4
                0x00000000080001b2                Vector20
                0x00000000080001b2                Vector18C
                0x00000000080001b2                Vector174
                0x00000000080001b6                _unhandled_exception
 .text          0x00000000080001b8      0x11c modules/ChibiOS//libch.a(crt0_v7m.o)
                0x00000000080001b8                _crt0_entry
 .text          0x00000000080002d4       0x32 modules/ChibiOS//libch.a(chcoreasm.o)
                0x00000000080002d4                __port_switch
                0x00000000080002ec                __port_thread_start
                0x00000000080002fe                __port_switch_from_isr
                0x0000000008000302                __port_exit_from_isr
 *fill*         0x0000000008000306        0x2 
 .text          0x0000000008000308       0x10 /usr/lib/gcc/arm-none-eabi/10.3.1/../../../arm-none-eabi/lib/thumb/v7e-m+fp/hard/libc_nano.a(lib_a-abort.o)
                0x0000000008000308                abort
 .text          0x0000000008000318       0x18 /usr/lib/gcc/arm-none-eabi/10.3.1/../../../arm-none-eabi/lib/thumb/v7e-m+fp/hard/libc_nano.a(lib_a-calloc.o)
                0x0000000008000318                calloc
 .text          0x0000000008000330       0x1c /usr/lib/gcc/arm-none-eabi/10.3.1/../../../arm-none-eabi/lib/thumb/v7e-m+fp/hard/libc_nano.a(lib_a-cxa_atexit.o)
                0x0000000008000330                __cxa_atexit
 .text          0x000000000800034c       0x20 /usr/lib/gcc/arm-none-eabi/10.3.1/../../../arm-none-eabi/lib/thumb/v7e-m+fp/hard/libc_nano.a(lib_a-malloc.o)
                0x000000000800034c                malloc
                0x000000000800035c                free
 .text          0x000000000800036c       0x64 /usr/lib/gcc/arm-none-eabi/10.3.1/../../../arm-none-eabi/lib/thumb/v7e-m+fp/hard/libc_nano.a(lib_a-memcmp.o)
                0x000000000800036c                memcmp
 .text          0x00000000080003d0      0x3a4 /usr/lib/gcc/arm-none-eabi/10.3.1/../../../arm-none-eabi/lib/thumb/v7e-m+fp/hard/libc_nano.a(lib_a-memmem.o)
                0x0000000008000634                memmem
 .text          0x0000000008000774      0x268 /usr/lib/gcc/arm-none-eabi/10.3.1/../../../arm-none-eabi/lib/thumb/v7e-m+fp/hard/libc_nano.a(lib_a-signal.o)
                0x0000000008000774                _init_signal_r
                0x00000000080007a0                _signal_r
                0x00000000080007e8                _raise_r
                0x000000000800083c                __sigtramp_r
                0x000000000800089c                raise
                0x00000000080008f4                signal
                0x0000000008000944                _init_signal
                0x0000000008000978                __sigtramp
 .text          0x00000000080009dc       0x30 /usr/lib/gcc/arm-none-eabi/10.3.1/../../../arm-none-eabi/lib/thumb/v7e-m+fp/hard/libc_nano.a(lib_a-signalr.o)
                0x00000000080009dc                _kill_r
                0x0000000008000a08                _getpid_r
 .text          0x0000000008000a0c       0xbc /usr/lib/gcc/arm-none-eabi/10.3.1/../../../arm-none-eabi/lib/thumb/v7e-m+fp/hard/libc_nano.a(lib_a-strcpy.o)
                0x0000000008000a0c                strcpy
 .text          0x0000000008000ac8       0xa0 /usr/lib/gcc/arm-none-eabi/10.3.1/../../../arm-none-eabi/lib/thumb/v7e-m+fp/hard/libc_nano.a(lib_a-memchr.o)
                0x0000000008000ac8                memchr
 *(.text.*)
 .text.startup.main
                0x0000000008000b68       0xc0 Tools/AP_Bootloader/AP_Bootloader.cpp.7.o
                0x0000000008000b68                main
 .text._Z7led_set9led_state
                0x0000000008000c28       0x2c Tools/AP_Bootloader/bl_protocol.cpp.7.o
                0x0000000008000c28                led_set(led_state)
 .text._Z11jump_to_appv
                0x0000000008000c54       0xb0 Tools/AP_Bootloader/bl_protocol.cpp.7.o
                0x0000000008000c54                jump_to_app()
 .text._ZL13get_randomu16v
                0x0000000008000d04       0x30 Tools/AP_Bootloader/can.cpp.7.o
 .text._ZL12readUniqueIDPh
                0x0000000008000d34       0x20 Tools/AP_Bootloader/can.cpp.7.o
 .text._ZL20handle_get_node_infoP14CanardInstanceP16CanardRxTransfer
                0x0000000008000d54       0xd0 Tools/AP_Bootloader/can.cpp.7.o
 .text._ZL28handle_begin_firmware_updateP14CanardInstanceP16CanardRxTransfer
                0x0000000008000e24       0xbc Tools/AP_Bootloader/can.cpp.7.o
 .text._ZL12send_fw_readh
                0x0000000008000ee0       0xa0 Tools/AP_Bootloader/can.cpp.7.o
 .text._ZL9processTxv
                0x0000000008000f80       0x8c Tools/AP_Bootloader/can.cpp.7.o
 .text._ZL20shouldAcceptTransferPK14CanardInstancePyt18CanardTransferTypeh
                0x000000000800100c       0x88 Tools/AP_Bootloader/can.cpp.7.o
 .text._ZL8erase_tot.part.0
                0x0000000008001094       0x44 Tools/AP_Bootloader/can.cpp.7.o
 .text.__tcf_0  0x00000000080010d8       0x38 Tools/AP_Bootloader/can.cpp.7.o
 .text._ZL18onTransferReceivedP14CanardInstanceP16CanardRxTransfer
                0x0000000008001110      0x2fc Tools/AP_Bootloader/can.cpp.7.o
 .text._Z15can_set_node_idh
                0x000000000800140c        0xc Tools/AP_Bootloader/can.cpp.7.o
                0x000000000800140c                can_set_node_id(unsigned char)
 .text._Z16can_check_updatev
                0x0000000008001418       0x64 Tools/AP_Bootloader/can.cpp.7.o
                0x0000000008001418                can_check_update()
 .text._Z9can_startv
                0x000000000800147c       0x90 Tools/AP_Bootloader/can.cpp.7.o
                0x000000000800147c                can_start()
 .text._Z10can_updatev
                0x000000000800150c      0x25c Tools/AP_Bootloader/can.cpp.7.o
                0x000000000800150c                can_update()
 .text.startup._GLOBAL__sub_I__Z15can_set_node_idh
                0x0000000008001768       0x24 Tools/AP_Bootloader/can.cpp.7.o
 .text._Z10flash_initv
                0x000000000800178c       0x34 Tools/AP_Bootloader/support.cpp.7.o
                0x000000000800178c                flash_init()
 .text._Z23flash_set_keep_unlockedb
                0x00000000080017c0        0x4 Tools/AP_Bootloader/support.cpp.7.o
                0x00000000080017c0                flash_set_keep_unlocked(bool)
 .text._Z22flash_func_write_wordsmPmh
                0x00000000080017c4        0xe Tools/AP_Bootloader/support.cpp.7.o
                0x00000000080017c4                flash_func_write_words(unsigned long, unsigned long*, unsigned char)
 *fill*         0x00000000080017d2        0x2 
 .text._Z22flash_func_sector_sizem
                0x00000000080017d4       0x20 Tools/AP_Bootloader/support.cpp.7.o
                0x00000000080017d4                flash_func_sector_size(unsigned long)
 .text._Z20flash_func_is_erasedm
                0x00000000080017f4       0x10 Tools/AP_Bootloader/support.cpp.7.o
                0x00000000080017f4                flash_func_is_erased(unsigned long)
 .text._Z23flash_func_erase_sectormb
                0x0000000008001804       0x10 Tools/AP_Bootloader/support.cpp.7.o
                0x0000000008001804                flash_func_erase_sector(unsigned long, bool)
 .text._Z17flash_write_flushv
                0x0000000008001814       0x20 Tools/AP_Bootloader/support.cpp.7.o
                0x0000000008001814                flash_write_flush()
 .text._Z6led_onj
                0x0000000008001834        0x2 Tools/AP_Bootloader/support.cpp.7.o
                0x0000000008001834                led_on(unsigned int)
 *fill*         0x0000000008001836        0x2 
 .text._Z7led_offj
                0x0000000008001838        0x2 Tools/AP_Bootloader/support.cpp.7.o
                0x0000000008001838                led_off(unsigned int)
 *fill*         0x000000000800183a        0x2 
 .text.memcpy   0x000000000800183c       0x12 Tools/AP_Bootloader/support.cpp.7.o
                0x000000000800183c                memcpy
 *fill*         0x000000000800184e        0x2 
 .text.strlen   0x0000000008001850       0x10 Tools/AP_Bootloader/support.cpp.7.o
                0x0000000008001850                strlen
 .text.memset   0x0000000008001860       0x10 Tools/AP_Bootloader/support.cpp.7.o
                0x0000000008001860                memset
 .text._Z18flash_write_buffermPKmh
                0x0000000008001870       0x88 Tools/AP_Bootloader/support.cpp.7.o
                0x0000000008001870                flash_write_buffer(unsigned long, unsigned long const*, unsigned char)
 .text.uavcan_protocol_GetNodeInfoResponse_encode
                0x00000000080018f8      0x15c lib/libAP_Bootloader_libs.a(uavcan.protocol.GetNodeInfo_res.c.5.o)
                0x00000000080018f8                uavcan_protocol_GetNodeInfoResponse_encode
 .text.uavcan_protocol_NodeStatus_encode
                0x0000000008001a54       0x50 lib/libAP_Bootloader_libs.a(uavcan.protocol.NodeStatus.c.5.o)
                0x0000000008001a54                uavcan_protocol_NodeStatus_encode
 .text.uavcan_protocol_dynamic_node_id_Allocation_decode
                0x0000000008001aa4       0x98 lib/libAP_Bootloader_libs.a(uavcan.protocol.dynamic_node_id.Allocation.c.5.o)
                0x0000000008001aa4                uavcan_protocol_dynamic_node_id_Allocation_decode
 .text.uavcan_protocol_file_BeginFirmwareUpdateRequest_decode
                0x0000000008001b3c       0x8a lib/libAP_Bootloader_libs.a(uavcan.protocol.file.BeginFirmwareUpdate_req.c.5.o)
                0x0000000008001b3c                uavcan_protocol_file_BeginFirmwareUpdateRequest_decode
 *fill*         0x0000000008001bc6        0x2 
 .text.uavcan_protocol_file_BeginFirmwareUpdateResponse_encode
                0x0000000008001bc8       0x6c lib/libAP_Bootloader_libs.a(uavcan.protocol.file.BeginFirmwareUpdate_res.c.5.o)
                0x0000000008001bc8                uavcan_protocol_file_BeginFirmwareUpdateResponse_encode
 .text.uavcan_protocol_file_ReadRequest_encode
                0x0000000008001c34       0x64 lib/libAP_Bootloader_libs.a(uavcan.protocol.file.Read_req.c.5.o)
                0x0000000008001c34                uavcan_protocol_file_ReadRequest_encode
 .text.uavcan_protocol_file_ReadResponse_decode
                0x0000000008001c98       0x8c lib/libAP_Bootloader_libs.a(uavcan.protocol.file.Read_res.c.5.o)
                0x0000000008001c98                uavcan_protocol_file_ReadResponse_decode
 .text._Z11crc32_smallmPKhm
                0x0000000008001d24       0x2c lib/libAP_Bootloader_libs.a(crc.cpp.0.o)
                0x0000000008001d24                crc32_small(unsigned long, unsigned char const*, unsigned long)
 .text._Z19check_good_firmwarev
                0x0000000008001d50       0xfc lib/libAP_Bootloader_libs.a(AP_CheckFirmware.cpp.0.o)
                0x0000000008001d50                check_good_firmware()
 .text._ZN10ByteBufferD2Ev
                0x0000000008001e4c       0x12 lib/libAP_Bootloader_libs.a(RingBuffer.cpp.0.o)
                0x0000000008001e4c                ByteBuffer::~ByteBuffer()
                0x0000000008001e4c                ByteBuffer::~ByteBuffer()
 *fill*         0x0000000008001e5e        0x2 
 .text._ZN10ByteBuffer5clearEv
                0x0000000008001e60       0x18 lib/libAP_Bootloader_libs.a(RingBuffer.cpp.0.o)
                0x0000000008001e60                ByteBuffer::clear()
 .text._ZNKSt13__atomic_baseImEcvmEv
                0x0000000008001e78        0xc lib/libAP_Bootloader_libs.a(RingBuffer.cpp.0.o)
                0x0000000008001e78                std::__atomic_base<unsigned long>::operator unsigned long() const
 .text._ZNK10ByteBuffer9availableEv
                0x0000000008001e84       0x32 lib/libAP_Bootloader_libs.a(RingBuffer.cpp.0.o)
                0x0000000008001e84                ByteBuffer::available() const
 *fill*         0x0000000008001eb6        0x2 
 .text._ZNK10ByteBuffer5spaceEv
                0x0000000008001eb8       0x32 lib/libAP_Bootloader_libs.a(RingBuffer.cpp.0.o)
                0x0000000008001eb8                ByteBuffer::space() const
 *fill*         0x0000000008001eea        0x2 
 .text._ZN10ByteBuffer7advanceEm
                0x0000000008001eec       0x34 lib/libAP_Bootloader_libs.a(RingBuffer.cpp.0.o)
                0x0000000008001eec                ByteBuffer::advance(unsigned long)
 .text._ZN10ByteBuffer7reserveEPNS_5IoVecEm
                0x0000000008001f20       0x50 lib/libAP_Bootloader_libs.a(RingBuffer.cpp.0.o)
                0x0000000008001f20                ByteBuffer::reserve(ByteBuffer::IoVec*, unsigned long)
 .text._ZN10ByteBuffer6commitEm
                0x0000000008001f70       0x34 lib/libAP_Bootloader_libs.a(RingBuffer.cpp.0.o)
                0x0000000008001f70                ByteBuffer::commit(unsigned long)
 .text._ZN10ByteBuffer5writeEPKhm
                0x0000000008001fa4       0x40 lib/libAP_Bootloader_libs.a(RingBuffer.cpp.0.o)
                0x0000000008001fa4                ByteBuffer::write(unsigned char const*, unsigned long)
 .text._ZN10ByteBuffer7readptrERm
                0x0000000008001fe4       0x36 lib/libAP_Bootloader_libs.a(RingBuffer.cpp.0.o)
                0x0000000008001fe4                ByteBuffer::readptr(unsigned long&)
 *fill*         0x000000000800201a        0x2 
 .text._ZN10ByteBuffer9peekiovecEPNS_5IoVecEm
                0x000000000800201c       0x52 lib/libAP_Bootloader_libs.a(RingBuffer.cpp.0.o)
                0x000000000800201c                ByteBuffer::peekiovec(ByteBuffer::IoVec*, unsigned long)
 *fill*         0x000000000800206e        0x2 
 .text._ZN10ByteBuffer9peekbytesEPhm
                0x0000000008002070       0x36 lib/libAP_Bootloader_libs.a(RingBuffer.cpp.0.o)
                0x0000000008002070                ByteBuffer::peekbytes(unsigned char*, unsigned long)
 *fill*         0x00000000080020a6        0x2 
 .text._ZN10ByteBuffer4readEPhm
                0x00000000080020a8       0x16 lib/libAP_Bootloader_libs.a(RingBuffer.cpp.0.o)
                0x00000000080020a8                ByteBuffer::read(unsigned char*, unsigned long)
 *fill*         0x00000000080020be        0x2 
 .text._ZN6AP_HAL8CANIface4initEmmNS0_13OperatingModeE
                0x00000000080020c0       0x10 lib/libAP_Bootloader_libs.a(CanIface.cpp.0.o)
                0x00000000080020c0                AP_HAL::CANIface::init(unsigned long, unsigned long, AP_HAL::CANIface::OperatingMode)
 .text._ZN6AP_HAL8CANIface16configureFiltersEPKNS0_15CanFilterConfigEt
                0x00000000080020d0        0x4 lib/libAP_Bootloader_libs.a(CanIface.cpp.0.o)
                0x00000000080020d0                AP_HAL::CANIface::configureFilters(AP_HAL::CANIface::CanFilterConfig const*, unsigned short)
 .text._ZNK6AP_HAL8CANIface13getErrorCountEv
                0x00000000080020d4        0x4 lib/libAP_Bootloader_libs.a(CanIface.cpp.0.o)
                0x00000000080020d4                AP_HAL::CANIface::getErrorCount() const
 .text._ZN6AP_HAL8CANIface8flush_txEv
                0x00000000080020d8        0x2 lib/libAP_Bootloader_libs.a(CanIface.cpp.0.o)
                0x00000000080020d8                AP_HAL::CANIface::flush_tx()
 *fill*         0x00000000080020da        0x2 
 .text._ZNK7ChibiOS8CANIface9is_busoffEv
                0x00000000080020dc        0x4 lib/libAP_Bootloader_libs.a(CanIface.cpp.0.o)
                0x00000000080020dc                ChibiOS::CANIface::is_busoff() const
 .text._ZNK7ChibiOS8CANIface13getNumFiltersEv
                0x00000000080020e0        0x4 lib/libAP_Bootloader_libs.a(CanIface.cpp.0.o)
                0x00000000080020e0                ChibiOS::CANIface::getNumFilters() const
 .text._ZNK7ChibiOS8CANIface14is_initializedEv
                0x00000000080020e4        0xe lib/libAP_Bootloader_libs.a(CanIface.cpp.0.o)
                0x00000000080020e4                ChibiOS::CANIface::is_initialized() const
 *fill*         0x00000000080020f2        0x2 
 .text._ZNK7ChibiOS8CANIface13get_iface_numEv
                0x00000000080020f4        0xa lib/libAP_Bootloader_libs.a(CanIface.cpp.0.o)
                0x00000000080020f4                ChibiOS::CANIface::get_iface_num() const
 *fill*         0x00000000080020fe        0x2 
 .text._ZN7ChibiOS8CANIface16set_event_handleEPN6AP_HAL15BinarySemaphoreE
                0x0000000008002100        0xc lib/libAP_Bootloader_libs.a(CanIface.cpp.0.o)
                0x0000000008002100                ChibiOS::CANIface::set_event_handle(AP_HAL::BinarySemaphore*)
 .text._ZN7ChibiOS8CANIface4sendERKN6AP_HAL8CANFrameEyt
                0x000000000800210c       0xf6 lib/libAP_Bootloader_libs.a(CanIface.cpp.0.o)
                0x000000000800210c                ChibiOS::CANIface::send(AP_HAL::CANFrame const&, unsigned long long, unsigned short)
 *fill*         0x0000000008002202        0x2 
 .text._ZN7ChibiOS8CANIface15add_to_rx_queueERKN6AP_HAL8CANIface9CanRxItemE
                0x0000000008002204       0x2c lib/libAP_Bootloader_libs.a(CanIface.cpp.0.o)
                0x0000000008002204                ChibiOS::CANIface::add_to_rx_queue(AP_HAL::CANIface::CanRxItem const&)
 .text._ZN7ChibiOS8CANIface8clear_rxEv
                0x0000000008002230       0x1a lib/libAP_Bootloader_libs.a(CanIface.cpp.0.o)
                0x0000000008002230                ChibiOS::CANIface::clear_rx()
 *fill*         0x000000000800224a        0x2 
 .text._ZN6AP_HAL8CANFrameC2Ev
                0x000000000800224c        0xc lib/libAP_Bootloader_libs.a(CanIface.cpp.0.o)
                0x000000000800224c                AP_HAL::CANFrame::CANFrame()
                0x000000000800224c                AP_HAL::CANFrame::CANFrame()
 .text._ZN6AP_HAL8CANIface9CanRxItemC2Ev
                0x0000000008002258       0x1a lib/libAP_Bootloader_libs.a(CanIface.cpp.0.o)
                0x0000000008002258                AP_HAL::CANIface::CanRxItem::CanRxItem()
                0x0000000008002258                AP_HAL::CANIface::CanRxItem::CanRxItem()
 *fill*         0x0000000008002272        0x2 
 .text._ZN7ChibiOS8CANIface24handleTxMailboxInterruptEhby.part.0
                0x0000000008002274       0x98 lib/libAP_Bootloader_libs.a(CanIface.cpp.0.o)
 .text._ZN7ChibiOS8CANIface7receiveERN6AP_HAL8CANFrameERyRt
                0x000000000800230c       0x8a lib/libAP_Bootloader_libs.a(CanIface.cpp.0.o)
                0x000000000800230c                ChibiOS::CANIface::receive(AP_HAL::CANFrame&, unsigned long long&, unsigned short&)
 *fill*         0x0000000008002396        0x2 
 .text._ZN7ChibiOS8CANIfaceC2Eh
                0x0000000008002398       0xac lib/libAP_Bootloader_libs.a(CanIface.cpp.0.o)
                0x0000000008002398                ChibiOS::CANIface::CANIface(unsigned char)
                0x0000000008002398                ChibiOS::CANIface::CANIface(unsigned char)
 .text._ZN7ChibiOS8CANIfaceC2Ev
                0x0000000008002444       0x18 lib/libAP_Bootloader_libs.a(CanIface.cpp.0.o)
                0x0000000008002444                ChibiOS::CANIface::CANIface()
                0x0000000008002444                ChibiOS::CANIface::CANIface()
 .text._ZN7ChibiOS8CANIface14computeTimingsEmRNS0_7TimingsE
                0x000000000800245c       0xb8 lib/libAP_Bootloader_libs.a(CanIface.cpp.0.o)
                0x000000000800245c                ChibiOS::CANIface::computeTimings(unsigned long, ChibiOS::CANIface::Timings&)
 .text._ZN7ChibiOS8CANIface25waitMsrINakBitStateChangeEb
                0x0000000008002514       0x2a lib/libAP_Bootloader_libs.a(CanIface.cpp.0.o)
                0x0000000008002514                ChibiOS::CANIface::waitMsrINakBitStateChange(bool)
 *fill*         0x000000000800253e        0x2 
 .text._ZN7ChibiOS8CANIface21pollErrorFlagsFromISREv
                0x0000000008002540       0x40 lib/libAP_Bootloader_libs.a(CanIface.cpp.0.o)
                0x0000000008002540                ChibiOS::CANIface::pollErrorFlagsFromISR()
 .text._ZN7ChibiOS8CANIface17handleTxInterruptEy
                0x0000000008002580       0x80 lib/libAP_Bootloader_libs.a(CanIface.cpp.0.o)
                0x0000000008002580                ChibiOS::CANIface::handleTxInterrupt(unsigned long long)
 .text._ZN7ChibiOS8CANIface17handleRxInterruptEhy
                0x0000000008002600       0xf8 lib/libAP_Bootloader_libs.a(CanIface.cpp.0.o)
                0x0000000008002600                ChibiOS::CANIface::handleRxInterrupt(unsigned char, unsigned long long)
 .text._ZL17handleRxInterrupthh.part.0
                0x00000000080026f8       0x30 lib/libAP_Bootloader_libs.a(CanIface.cpp.0.o)
 .text._ZN7ChibiOS8CANIface26discardTimedOutTxMailboxesEy
                0x0000000008002728       0x58 lib/libAP_Bootloader_libs.a(CanIface.cpp.0.o)
                0x0000000008002728                ChibiOS::CANIface::discardTimedOutTxMailboxes(unsigned long long)
 .text._ZN7ChibiOS8CANIface14pollErrorFlagsEv
                0x0000000008002780       0x14 lib/libAP_Bootloader_libs.a(CanIface.cpp.0.o)
                0x0000000008002780                ChibiOS::CANIface::pollErrorFlags()
 .text._ZNK7ChibiOS8CANIface19canAcceptNewTxFrameERKN6AP_HAL8CANFrameE
                0x0000000008002794       0x5c lib/libAP_Bootloader_libs.a(CanIface.cpp.0.o)
                0x0000000008002794                ChibiOS::CANIface::canAcceptNewTxFrame(AP_HAL::CANFrame const&) const
 .text._ZNK7ChibiOS8CANIface15isRxBufferEmptyEv
                0x00000000080027f0       0x22 lib/libAP_Bootloader_libs.a(CanIface.cpp.0.o)
                0x00000000080027f0                ChibiOS::CANIface::isRxBufferEmpty() const
 *fill*         0x0000000008002812        0x2 
 .text._ZNK7ChibiOS8CANIface14checkAvailableERbS1_PKN6AP_HAL8CANFrameE
                0x0000000008002814       0x26 lib/libAP_Bootloader_libs.a(CanIface.cpp.0.o)
                0x0000000008002814                ChibiOS::CANIface::checkAvailable(bool&, bool&, AP_HAL::CANFrame const*) const
 *fill*         0x000000000800283a        0x2 
 .text._ZN7ChibiOS8CANIface6selectERbS1_PKN6AP_HAL8CANFrameEy
                0x000000000800283c       0x36 lib/libAP_Bootloader_libs.a(CanIface.cpp.0.o)
                0x000000000800283c                ChibiOS::CANIface::select(bool&, bool&, AP_HAL::CANFrame const*, unsigned long long)
 *fill*         0x0000000008002872        0x2 
 .text._ZN7ChibiOS8CANIface8initOnceEb
                0x0000000008002874       0x6c lib/libAP_Bootloader_libs.a(CanIface.cpp.0.o)
                0x0000000008002874                ChibiOS::CANIface::initOnce(bool)
 .text._ZN7ChibiOS8CANIface4initEmN6AP_HAL8CANIface13OperatingModeE
                0x00000000080028e0      0x224 lib/libAP_Bootloader_libs.a(CanIface.cpp.0.o)
                0x00000000080028e0                ChibiOS::CANIface::init(unsigned long, AP_HAL::CANIface::OperatingMode)
 .text.Vector8C
                0x0000000008002b04       0x2c lib/libAP_Bootloader_libs.a(CanIface.cpp.0.o)
                0x0000000008002b04                Vector8C
 .text.Vector90
                0x0000000008002b30       0x10 lib/libAP_Bootloader_libs.a(CanIface.cpp.0.o)
                0x0000000008002b30                Vector90
 .text.Vector94
                0x0000000008002b40       0x10 lib/libAP_Bootloader_libs.a(CanIface.cpp.0.o)
                0x0000000008002b40                Vector94
 .text.HardFault_Handler
                0x0000000008002b50       0x20 lib/libAP_Bootloader_libs.a(system.cpp.8.o)
                0x0000000008002b50                HardFault_Handler
                0x0000000008002b50                BusFault_Handler
 .text.UsageFault_Handler
                0x0000000008002b70        0x6 lib/libAP_Bootloader_libs.a(system.cpp.8.o)
                0x0000000008002b70                UsageFault_Handler
 *fill*         0x0000000008002b76        0x2 
 .text.MemManage_Handler
                0x0000000008002b78       0x20 lib/libAP_Bootloader_libs.a(system.cpp.8.o)
                0x0000000008002b78                MemManage_Handler
 .text.NMI_Handler
                0x0000000008002b98        0x2 lib/libAP_Bootloader_libs.a(system.cpp.8.o)
                0x0000000008002b98                NMI_Handler
 *fill*         0x0000000008002b9a        0x2 
 .text._ZN6AP_HAL5panicEPKcz
                0x0000000008002b9c        0xc lib/libAP_Bootloader_libs.a(system.cpp.8.o)
                0x0000000008002b9c                AP_HAL::panic(char const*, ...)
 .text._ZN6AP_HAL6millisEv
                0x0000000008002ba8        0x4 lib/libAP_Bootloader_libs.a(system.cpp.8.o)
                0x0000000008002ba8                AP_HAL::millis()
 .text._ZN6AP_HAL8micros64Ev
                0x0000000008002bac        0x4 lib/libAP_Bootloader_libs.a(system.cpp.8.o)
                0x0000000008002bac                AP_HAL::micros64()
 .text._ZN6AP_HAL8CANIface23register_frame_callbackE7FunctorIvJhRKNS_8CANFrameEEE
                0x0000000008002bb0       0x18 lib/libAP_Bootloader_libs.a(CANIface.cpp.0.o)
                0x0000000008002bb0                AP_HAL::CANIface::register_frame_callback(Functor<void, unsigned char, AP_HAL::CANFrame const&>)
 .text._ZN6AP_HAL8CANIface7receiveERNS_8CANFrameERyRt
                0x0000000008002bc8       0x24 lib/libAP_Bootloader_libs.a(CANIface.cpp.0.o)
                0x0000000008002bc8                AP_HAL::CANIface::receive(AP_HAL::CANFrame&, unsigned long long&, unsigned short&)
 .text._ZN6AP_HAL8CANIface4sendERKNS_8CANFrameEyt
                0x0000000008002bec       0x72 lib/libAP_Bootloader_libs.a(CANIface.cpp.0.o)
                0x0000000008002bec                AP_HAL::CANIface::send(AP_HAL::CANFrame const&, unsigned long long, unsigned short)
 *fill*         0x0000000008002c5e        0x2 
 .text._ZNK6AP_HAL8CANFrame18priorityHigherThanERKS0_
                0x0000000008002c60       0x4c lib/libAP_Bootloader_libs.a(CANIface.cpp.0.o)
                0x0000000008002c60                AP_HAL::CANFrame::priorityHigherThan(AP_HAL::CANFrame const&) const
 .text.pushTxQueue
                0x0000000008002cac       0x82 Tools/AP_Periph/liblibcanard.a(canard.c.23.o)
 *fill*         0x0000000008002d2e        0x2 
 .text.copyBitArray
                0x0000000008002d30       0x70 Tools/AP_Periph/liblibcanard.a(canard.c.23.o)
 .text.crcAddByte
                0x0000000008002da0       0x22 Tools/AP_Periph/liblibcanard.a(canard.c.23.o)
 *fill*         0x0000000008002dc2        0x2 
 .text.crcAdd   0x0000000008002dc4       0x16 Tools/AP_Periph/liblibcanard.a(canard.c.23.o)
 *fill*         0x0000000008002dda        0x2 
 .text.allocateBlock
                0x0000000008002ddc       0x1c Tools/AP_Periph/liblibcanard.a(canard.c.23.o)
 .text.createRxState
                0x0000000008002df8       0x3c Tools/AP_Periph/liblibcanard.a(canard.c.23.o)
 .text.dlcToDataLength
                0x0000000008002e34       0x36 Tools/AP_Periph/liblibcanard.a(canard.c.23.o)
 *fill*         0x0000000008002e6a        0x2 
 .text.dataLengthToDlc
                0x0000000008002e6c       0x36 Tools/AP_Periph/liblibcanard.a(canard.c.23.o)
 *fill*         0x0000000008002ea2        0x2 
 .text.calculateCRC
                0x0000000008002ea4       0x52 Tools/AP_Periph/liblibcanard.a(canard.c.23.o)
 *fill*         0x0000000008002ef6        0x2 
 .text.releaseStatePayload.isra.0
                0x0000000008002ef8       0x22 Tools/AP_Periph/liblibcanard.a(canard.c.23.o)
 *fill*         0x0000000008002f1a        0x2 
 .text.bufferBlockPushBytes
                0x0000000008002f1c      0x11e Tools/AP_Periph/liblibcanard.a(canard.c.23.o)
 *fill*         0x000000000800303a        0x2 
 .text.enqueueTxFrames
                0x000000000800303c      0x154 Tools/AP_Periph/liblibcanard.a(canard.c.23.o)
 .text.canardInit
                0x0000000008003190       0x4e Tools/AP_Periph/liblibcanard.a(canard.c.23.o)
                0x0000000008003190                canardInit
 *fill*         0x00000000080031de        0x2 
 .text.canardSetLocalNodeID
                0x00000000080031e0        0xe Tools/AP_Periph/liblibcanard.a(canard.c.23.o)
                0x00000000080031e0                canardSetLocalNodeID
 *fill*         0x00000000080031ee        0x2 
 .text.canardGetLocalNodeID
                0x00000000080031f0        0x4 Tools/AP_Periph/liblibcanard.a(canard.c.23.o)
                0x00000000080031f0                canardGetLocalNodeID
 .text.canardBroadcastObj
                0x00000000080031f4       0x86 Tools/AP_Periph/liblibcanard.a(canard.c.23.o)
                0x00000000080031f4                canardBroadcastObj
 *fill*         0x000000000800327a        0x2 
 .text.canardBroadcast
                0x000000000800327c       0x44 Tools/AP_Periph/liblibcanard.a(canard.c.23.o)
                0x000000000800327c                canardBroadcast
 .text.canardRequestOrRespondObj
                0x00000000080032c0       0x76 Tools/AP_Periph/liblibcanard.a(canard.c.23.o)
                0x00000000080032c0                canardRequestOrRespondObj
 *fill*         0x0000000008003336        0x2 
 .text.canardRequestOrRespond
                0x0000000008003338       0x56 Tools/AP_Periph/liblibcanard.a(canard.c.23.o)
                0x0000000008003338                canardRequestOrRespond
 *fill*         0x000000000800338e        0x2 
 .text.canardPeekTxQueue
                0x0000000008003390        0x8 Tools/AP_Periph/liblibcanard.a(canard.c.23.o)
                0x0000000008003390                canardPeekTxQueue
 .text.canardPopTxQueue
                0x0000000008003398       0x14 Tools/AP_Periph/liblibcanard.a(canard.c.23.o)
                0x0000000008003398                canardPopTxQueue
 .text.canardCleanupStaleTransfers
                0x00000000080033ac       0x74 Tools/AP_Periph/liblibcanard.a(canard.c.23.o)
                0x00000000080033ac                canardCleanupStaleTransfers
 .text.canardDecodeScalar
                0x0000000008003420      0x278 Tools/AP_Periph/liblibcanard.a(canard.c.23.o)
                0x0000000008003420                canardDecodeScalar
 .text.canardEncodeScalar
                0x0000000008003698       0x70 Tools/AP_Periph/liblibcanard.a(canard.c.23.o)
                0x0000000008003698                canardEncodeScalar
 .text.canardReleaseRxTransferPayload
                0x0000000008003708       0x20 Tools/AP_Periph/liblibcanard.a(canard.c.23.o)
                0x0000000008003708                canardReleaseRxTransferPayload
 .text.extractTransferType
                0x0000000008003728        0xc Tools/AP_Periph/liblibcanard.a(canard.c.23.o)
                0x0000000008003728                extractTransferType
 .text.extractDataType
                0x0000000008003734       0x20 Tools/AP_Periph/liblibcanard.a(canard.c.23.o)
                0x0000000008003734                extractDataType
 .text.canardHandleRxFrame
                0x0000000008003754      0x444 Tools/AP_Periph/liblibcanard.a(canard.c.23.o)
                0x0000000008003754                canardHandleRxFrame
 .text.SVC_Handler
                0x0000000008003b98       0x20 modules/ChibiOS//libch.a(chcore.o)
                0x0000000008003b98                SVC_Handler
 .text.port_init
                0x0000000008003bb8       0x48 modules/ChibiOS//libch.a(chcore.o)
                0x0000000008003bb8                port_init
 .text.__port_irq_epilogue
                0x0000000008003c00       0x54 modules/ChibiOS//libch.a(chcore.o)
                0x0000000008003c00                __port_irq_epilogue
 .text.nvicInit
                0x0000000008003c54       0x26 modules/ChibiOS//libch.a(nvic.o)
                0x0000000008003c54                nvicInit
 *fill*         0x0000000008003c7a        0x2 
 .text.nvicEnableVector
                0x0000000008003c7c       0x2c modules/ChibiOS//libch.a(nvic.o)
                0x0000000008003c7c                nvicEnableVector
 .text.__sch_ready_behind
                0x0000000008003ca8       0x1c modules/ChibiOS//libch.a(chschd.o)
 .text.__sch_ready_ahead
                0x0000000008003cc4       0x1c modules/ChibiOS//libch.a(chschd.o)
 .text.__sch_wakeup
                0x0000000008003ce0       0x3a modules/ChibiOS//libch.a(chschd.o)
 *fill*         0x0000000008003d1a        0x2 
 .text.chSchReadyI
                0x0000000008003d1c        0x4 modules/ChibiOS//libch.a(chschd.o)
                0x0000000008003d1c                chSchReadyI
 .text.chSchGoSleepS
                0x0000000008003d20       0x1c modules/ChibiOS//libch.a(chschd.o)
                0x0000000008003d20                chSchGoSleepS
 .text.chSchGoSleepTimeoutS
                0x0000000008003d3c       0x3c modules/ChibiOS//libch.a(chschd.o)
                0x0000000008003d3c                chSchGoSleepTimeoutS
 .text.chSchIsPreemptionRequired
                0x0000000008003d78       0x18 modules/ChibiOS//libch.a(chschd.o)
                0x0000000008003d78                chSchIsPreemptionRequired
 .text.chSchDoPreemption
                0x0000000008003d90       0x28 modules/ChibiOS//libch.a(chschd.o)
                0x0000000008003d90                chSchDoPreemption
 .text.chSysInit
                0x0000000008003db8       0x2c modules/ChibiOS//libch.a(chsys.o)
                0x0000000008003db8                chSysInit
 .text.chSysHalt
                0x0000000008003de4       0x20 modules/ChibiOS//libch.a(chsys.o)
                0x0000000008003de4                chSysHalt
 .text.chSysTimerHandlerI
                0x0000000008003e04        0x4 modules/ChibiOS//libch.a(chsys.o)
                0x0000000008003e04                chSysTimerHandlerI
 .text.__thd_object_init
                0x0000000008003e08        0xc modules/ChibiOS//libch.a(chthreads.o)
                0x0000000008003e08                __thd_object_init
 .text.chThdCreateSuspendedI
                0x0000000008003e14       0x44 modules/ChibiOS//libch.a(chthreads.o)
                0x0000000008003e14                chThdCreateSuspendedI
 .text.chThdCreateI
                0x0000000008003e58        0xe modules/ChibiOS//libch.a(chthreads.o)
                0x0000000008003e58                chThdCreateI
 *fill*         0x0000000008003e66        0x2 
 .text.chThdExitS
                0x0000000008003e68       0x10 modules/ChibiOS//libch.a(chthreads.o)
                0x0000000008003e68                chThdExitS
 .text.chThdExit
                0x0000000008003e78        0xa modules/ChibiOS//libch.a(chthreads.o)
                0x0000000008003e78                chThdExit
 *fill*         0x0000000008003e82        0x2 
 .text.chThdSleep
                0x0000000008003e84       0x18 modules/ChibiOS//libch.a(chthreads.o)
                0x0000000008003e84                chThdSleep
 .text.ch_dlist_insert
                0x0000000008003e9c       0x2a modules/ChibiOS//libch.a(chvt.o)
 *fill*         0x0000000008003ec6        0x2 
 .text.vt_set_alarm
                0x0000000008003ec8       0x36 modules/ChibiOS//libch.a(chvt.o)
 *fill*         0x0000000008003efe        0x2 
 .text.vt_insert_first.constprop.0
                0x0000000008003f00       0x58 modules/ChibiOS//libch.a(chvt.o)
 .text.vt_enqueue.constprop.0
                0x0000000008003f58       0x50 modules/ChibiOS//libch.a(chvt.o)
 .text.chVTDoSetI
                0x0000000008003fa8       0x12 modules/ChibiOS//libch.a(chvt.o)
                0x0000000008003fa8                chVTDoSetI
 *fill*         0x0000000008003fba        0x2 
 .text.chVTDoResetI
                0x0000000008003fbc       0x6c modules/ChibiOS//libch.a(chvt.o)
                0x0000000008003fbc                chVTDoResetI
 .text.chVTDoTickI
                0x0000000008004028       0xc8 modules/ChibiOS//libch.a(chvt.o)
                0x0000000008004028                chVTDoTickI
 .text.chVTGetTimeStampI
                0x00000000080040f0       0x20 modules/ChibiOS//libch.a(chvt.o)
                0x00000000080040f0                chVTGetTimeStampI
 .text._getpid  0x0000000008004110        0x4 modules/ChibiOS//libch.a(stubs.o)
                0x0000000008004110                _getpid
 .text._exit    0x0000000008004114        0x2 modules/ChibiOS//libch.a(stubs.o)
                0x0000000008004114                _exit
 *fill*         0x0000000008004116        0x2 
 .text._fini    0x0000000008004118        0x2 modules/ChibiOS//libch.a(stubs.o)
                0x0000000008004118                _fini
 *fill*         0x000000000800411a        0x2 
 .text._kill    0x000000000800411c        0x6 modules/ChibiOS//libch.a(stubs.o)
                0x000000000800411c                _kill
 *fill*         0x0000000008004122        0x2 
 .text.stm32_flash_wait_idle
                0x0000000008004124       0x14 modules/ChibiOS//libch.a(flash.o)
 .text.stm32_flash_unlock
                0x0000000008004138       0x34 modules/ChibiOS//libch.a(flash.o)
 .text.stm32_flash_lock
                0x000000000800416c       0x38 modules/ChibiOS//libch.a(flash.o)
                0x000000000800416c                stm32_flash_lock
 .text.stm32_flash_getpageaddr
                0x00000000080041a4        0xe modules/ChibiOS//libch.a(flash.o)
                0x00000000080041a4                stm32_flash_getpageaddr
 *fill*         0x00000000080041b2        0x2 
 .text.stm32_flash_getpagesize
                0x00000000080041b4        0x6 modules/ChibiOS//libch.a(flash.o)
                0x00000000080041b4                stm32_flash_getpagesize
 *fill*         0x00000000080041ba        0x2 
 .text.stm32_flash_getnumpages
                0x00000000080041bc        0x4 modules/ChibiOS//libch.a(flash.o)
                0x00000000080041bc                stm32_flash_getnumpages
 .text.stm32_flash_ispageerased
                0x00000000080041c0       0x22 modules/ChibiOS//libch.a(flash.o)
                0x00000000080041c0                stm32_flash_ispageerased
 *fill*         0x00000000080041e2        0x2 
 .text.stm32_flash_erasepage
                0x00000000080041e4       0x50 modules/ChibiOS//libch.a(flash.o)
                0x00000000080041e4                stm32_flash_erasepage
 .text.stm32_flash_write
                0x0000000008004234       0xec modules/ChibiOS//libch.a(flash.o)
                0x0000000008004234                stm32_flash_write
 .text.stm32_flash_keep_unlocked
                0x0000000008004320       0x28 modules/ChibiOS//libch.a(flash.o)
                0x0000000008004320                stm32_flash_keep_unlocked
 .text.memory_flush_all
                0x0000000008004348       0x10 modules/ChibiOS//libch.a(malloc.o)
                0x0000000008004348                memory_flush_all
 .text.__wrap__calloc_r
                0x0000000008004358        0x8 modules/ChibiOS//libch.a(malloc.o)
                0x0000000008004358                __wrap__calloc_r
 .text.__wrap__malloc_r
                0x0000000008004360        0x6 modules/ChibiOS//libch.a(malloc.o)
                0x0000000008004360                __wrap__malloc_r
 *fill*         0x0000000008004366        0x2 
 .text.__wrap__free_r
                0x0000000008004368        0x6 modules/ChibiOS//libch.a(malloc.o)
                0x0000000008004368                __wrap__free_r
 *fill*         0x000000000800436e        0x2 
 .text.hrt_micros64
                0x0000000008004370       0x38 modules/ChibiOS//libch.a(hrt.o)
                0x0000000008004370                hrt_micros64
 .text.hrt_millis32
                0x00000000080043a8       0x54 modules/ChibiOS//libch.a(hrt.o)
                0x00000000080043a8                hrt_millis32
 .text.get_rtc_backup
                0x00000000080043fc       0x24 modules/ChibiOS//libch.a(stm32_util.o)
                0x00000000080043fc                get_rtc_backup
 .text.set_rtc_backup
                0x0000000008004420       0x54 modules/ChibiOS//libch.a(stm32_util.o)
                0x0000000008004420                set_rtc_backup
 .text.check_fast_reboot
                0x0000000008004474       0x14 modules/ChibiOS//libch.a(stm32_util.o)
                0x0000000008004474                check_fast_reboot
 .text.set_fast_reboot
                0x0000000008004488       0x1c modules/ChibiOS//libch.a(stm32_util.o)
                0x0000000008004488                set_fast_reboot
 .text.stm32_cacheBufferInvalidate
                0x00000000080044a4        0x2 modules/ChibiOS//libch.a(stm32_util.o)
                0x00000000080044a4                stm32_cacheBufferInvalidate
 *fill*         0x00000000080044a6        0x2 
 .text.stm32_cacheBufferFlush
                0x00000000080044a8        0x2 modules/ChibiOS//libch.a(stm32_util.o)
                0x00000000080044a8                stm32_cacheBufferFlush
 *fill*         0x00000000080044aa        0x2 
 .text.system_halt_hook
                0x00000000080044ac        0x2 modules/ChibiOS//libch.a(stm32_util.o)
                0x00000000080044ac                system_halt_hook
 *fill*         0x00000000080044ae        0x2 
 .text.stm32_watchdog_init
                0x00000000080044b0       0x28 modules/ChibiOS//libch.a(watchdog.o)
                0x00000000080044b0                stm32_watchdog_init
 .text.stm32_watchdog_pat
                0x00000000080044d8       0x18 modules/ChibiOS//libch.a(watchdog.o)
                0x00000000080044d8                stm32_watchdog_pat
 .text.stm32_watchdog_save_reason
                0x00000000080044f0       0x1c modules/ChibiOS//libch.a(watchdog.o)
                0x00000000080044f0                stm32_watchdog_save_reason
 .text.stm32_watchdog_clear_reason
                0x000000000800450c       0x10 modules/ChibiOS//libch.a(watchdog.o)
                0x000000000800450c                stm32_watchdog_clear_reason
 .text.stm32_was_watchdog_reset
                0x000000000800451c       0x14 modules/ChibiOS//libch.a(watchdog.o)
                0x000000000800451c                stm32_was_watchdog_reset
 .text.__cpu_init
                0x0000000008004530        0x2 modules/ChibiOS//libch.a(crt1.o)
                0x0000000008004530                __cpu_init
 *fill*         0x0000000008004532        0x2 
 .text.__default_exit
                0x0000000008004534        0x2 modules/ChibiOS//libch.a(crt1.o)
                0x0000000008004534                __default_exit
 *fill*         0x0000000008004536        0x2 
 .text.__init_ram_areas
                0x0000000008004538       0x3c modules/ChibiOS//libch.a(crt1.o)
                0x0000000008004538                __init_ram_areas
 .text.stInit   0x0000000008004574        0x4 modules/ChibiOS//libch.a(hal_st.o)
                0x0000000008004574                stInit
 .text.stGetCounter
                0x0000000008004578        0x8 modules/ChibiOS//libch.a(hal_st.o)
                0x0000000008004578                stGetCounter
 .text.stStartAlarm
                0x0000000008004580       0x10 modules/ChibiOS//libch.a(hal_st.o)
                0x0000000008004580                stStartAlarm
 .text.stStopAlarm
                0x0000000008004590        0xa modules/ChibiOS//libch.a(hal_st.o)
                0x0000000008004590                stStopAlarm
 *fill*         0x000000000800459a        0x2 
 .text.stSetAlarm
                0x000000000800459c        0x8 modules/ChibiOS//libch.a(hal_st.o)
                0x000000000800459c                stSetAlarm
 .text.__idle_thread
                0x00000000080045a4        0x2 modules/ChibiOS//libch.a(chinstances.o)
 *fill*         0x00000000080045a6        0x2 
 .text.chInstanceObjectInit
                0x00000000080045a8       0x80 modules/ChibiOS//libch.a(chinstances.o)
                0x00000000080045a8                chInstanceObjectInit
 .text.chRFCUCollectFaultsI
                0x0000000008004628       0x10 modules/ChibiOS//libch.a(chrfcu.o)
                0x0000000008004628                chRFCUCollectFaultsI
 .text.__early_init
                0x0000000008004638       0x9c modules/ChibiOS//libch.a(board.o)
                0x0000000008004638                __early_init
 .text.__late_init
                0x00000000080046d4       0x12 modules/ChibiOS//libch.a(board.o)
                0x00000000080046d4                __late_init
 *fill*         0x00000000080046e6        0x2 
 .text.boardInit
                0x00000000080046e8        0x2 modules/ChibiOS//libch.a(board.o)
                0x00000000080046e8                boardInit
 *fill*         0x00000000080046ea        0x2 
 .text.st_lld_init
                0x00000000080046ec       0x48 modules/ChibiOS//libch.a(hal_st_lld.o)
                0x00000000080046ec                st_lld_init
 .text.st_lld_serve_interrupt
                0x0000000008004734       0x28 modules/ChibiOS//libch.a(hal_st_lld.o)
                0x0000000008004734                st_lld_serve_interrupt
 .text.hal_lld_init
                0x000000000800475c        0xe modules/ChibiOS//libch.a(hal_lld.o)
                0x000000000800475c                hal_lld_init
 *fill*         0x000000000800476a        0x2 
 .text.stm32_clock_init
                0x000000000800476c      0x184 modules/ChibiOS//libch.a(hal_lld.o)
                0x000000000800476c                stm32_clock_init
 .text.Vector58
                0x00000000080048f0       0x28 modules/ChibiOS//libch.a(stm32_isr.o)
                0x00000000080048f0                Vector58
 .text.Vector5C
                0x0000000008004918       0x28 modules/ChibiOS//libch.a(stm32_isr.o)
                0x0000000008004918                Vector5C
 .text.Vector60
                0x0000000008004940       0x28 modules/ChibiOS//libch.a(stm32_isr.o)
                0x0000000008004940                Vector60
 .text.Vector64
                0x0000000008004968       0x28 modules/ChibiOS//libch.a(stm32_isr.o)
                0x0000000008004968                Vector64
 .text.Vector68
                0x0000000008004990       0x28 modules/ChibiOS//libch.a(stm32_isr.o)
                0x0000000008004990                Vector68
 .text.Vector9C
                0x00000000080049b8       0x64 modules/ChibiOS//libch.a(stm32_isr.o)
                0x00000000080049b8                Vector9C
 .text.VectorE0
                0x0000000008004a1c       0x70 modules/ChibiOS//libch.a(stm32_isr.o)
                0x0000000008004a1c                VectorE0
 .text.VectorB0
                0x0000000008004a8c        0xe modules/ChibiOS//libch.a(stm32_isr.o)
                0x0000000008004a8c                VectorB0
 *fill*         0x0000000008004a9a        0x2 
 .text.irqInit  0x0000000008004a9c       0x46 modules/ChibiOS//libch.a(stm32_isr.o)
                0x0000000008004a9c                irqInit
 *fill*         0x0000000008004ae2        0x2 
 .text.halInit  0x0000000008004ae4       0x16 modules/ChibiOS//libch.a(hal.o)
                0x0000000008004ae4                halInit
 *fill*         0x0000000008004afa        0x2 
 .text._pal_lld_init
                0x0000000008004afc       0x1c modules/ChibiOS//libch.a(hal_pal_lld.o)
                0x0000000008004afc                _pal_lld_init
 .text.__aeabi_atexit
                0x0000000008004b18        0xa /usr/lib/gcc/arm-none-eabi/10.3.1/../../../arm-none-eabi/lib/thumb/v7e-m+fp/hard/libstdc++_nano.a(atexit_arm.o)
                0x0000000008004b18                __aeabi_atexit
 *fill*         0x0000000008004b22        0x2 
 .text._ZdlPv   0x0000000008004b24        0x4 /usr/lib/gcc/arm-none-eabi/10.3.1/../../../arm-none-eabi/lib/thumb/v7e-m+fp/hard/libstdc++_nano.a(del_op.o)
                0x0000000008004b24                operator delete(void*)
 .text._Znwj    0x0000000008004b28       0x22 /usr/lib/gcc/arm-none-eabi/10.3.1/../../../arm-none-eabi/lib/thumb/v7e-m+fp/hard/libstdc++_nano.a(new_op.o)
                0x0000000008004b28                operator new(unsigned int)
 *fill*         0x0000000008004b4a        0x2 
 .text._ZSt15get_new_handlerv
                0x0000000008004b4c       0x10 /usr/lib/gcc/arm-none-eabi/10.3.1/../../../arm-none-eabi/lib/thumb/v7e-m+fp/hard/libstdc++_nano.a(new_handler.o)
                0x0000000008004b4c                std::get_new_handler()
 *(.rodata)
 *(.rodata.*)
 .rodata._ZL20handle_get_node_infoP14CanardInstanceP16CanardRxTransfer.str1.1
                0x0000000008004b5c       0x19 Tools/AP_Bootloader/can.cpp.7.o
 *fill*         0x0000000008004b75        0x3 
 .rodata._Z19check_good_firmwarev.str1.1
                0x0000000008004b78       0x12 lib/libAP_Bootloader_libs.a(AP_CheckFirmware.cpp.0.o)
 *fill*         0x0000000008004b8a        0x2 
 .rodata._ZN7ChibiOS8CANIfaceC2Eh.str1.1
                0x0000000008004b8c       0x14 lib/libAP_Bootloader_libs.a(CanIface.cpp.0.o)
 .rodata._ZN7ChibiOS8CANIface9TSR_ABRQxE
                0x0000000008004ba0        0xc lib/libAP_Bootloader_libs.a(CanIface.cpp.0.o)
                0x0000000008004ba0                ChibiOS::CANIface::TSR_ABRQx
 .rodata._ZTVN7ChibiOS8CANIfaceE
                0x0000000008004bac       0x48 lib/libAP_Bootloader_libs.a(CanIface.cpp.0.o)
                0x0000000008004bac                vtable for ChibiOS::CANIface
 .rodata.str1.1
                0x0000000008004bf4        0x3 modules/ChibiOS//libch.a(chsys.o)
 *fill*         0x0000000008004bf7        0x1 
 .rodata.ch_core0_cfg
                0x0000000008004bf8        0xc modules/ChibiOS//libch.a(chsys.o)
                0x0000000008004bf8                ch_core0_cfg
 .rodata.chInstanceObjectInit.str1.1
                0x0000000008004c04        0xa modules/ChibiOS//libch.a(chinstances.o)
 *(.glue_7t)
 .glue_7t       0x0000000008004c0e        0x0 linker stubs
 *(.glue_7)
 .glue_7        0x0000000008004c0e        0x0 linker stubs
 *(.gcc*)

.vfp11_veneer   0x0000000008004c10        0x0
 .vfp11_veneer  0x0000000008004c10        0x0 linker stubs

.v4_bx          0x0000000008004c10        0x0
 .v4_bx         0x0000000008004c10        0x0 linker stubs

.iplt           0x0000000008004c10        0x0
 .iplt          0x0000000008004c10        0x0 Tools/AP_Bootloader/AP_Bootloader.cpp.7.o

.rel.dyn        0x0000000008004c10        0x0
 .rel.iplt      0x0000000008004c10        0x0 Tools/AP_Bootloader/AP_Bootloader.cpp.7.o

.ARM.extab
 *(.ARM.extab* .gnu.linkonce.armextab.*)

.ARM.exidx      0x0000000008004c0e        0x0
                0x0000000008004c0e                __exidx_start = .
 *(.ARM.exidx* .gnu.linkonce.armexidx.*)
                0x0000000008004c0e                __exidx_end = .

.eh_frame_hdr
 *(.eh_frame_hdr)

.eh_frame
 *(.eh_frame)

.textalign      0x0000000008004c0e        0x2
                0x0000000008004c10                . = ALIGN (0x8)
 *fill*         0x0000000008004c0e        0x2 
                0x0000000008004c10                . = ALIGN (0x4)
                [!provide]                        PROVIDE (_etext = .)

.mstack         0x0000000020000100      0x800
                0x0000000020000100                . = ALIGN (0x8)
                0x0000000020000100                __main_stack_base__ = .
                0x0000000020000900                . = (. + __main_stack_size__)
 *fill*         0x0000000020000100      0x800 
                0x0000000020000900                . = ALIGN (0x8)
                0x0000000020000900                __main_stack_end__ = .

.pstack         0x0000000020000900      0x800
                0x0000000020000900                __process_stack_base__ = .
                0x0000000020000900                __main_thread_stack_base__ = .
                0x0000000020001100                . = (. + __process_stack_size__)
 *fill*         0x0000000020000900      0x800 
                0x0000000020001100                . = ALIGN (0x8)
                0x0000000020001100                __process_stack_end__ = .
                0x0000000020001100                __main_thread_stack_end__ = .

.data           0x0000000020001100       0x7c load address 0x0000000008004c10
                0x0000000020001100                . = ALIGN (0x4)
                [!provide]                        PROVIDE (_textdata = LOADADDR (.data))
                [!provide]                        PROVIDE (_data = .)
                0x0000000008004c10                __textdata_base__ = LOADADDR (.data)
                0x0000000020001100                __data_base__ = .
 *(.data)
 .data          0x0000000020001100       0x64 /usr/lib/gcc/arm-none-eabi/10.3.1/../../../arm-none-eabi/lib/thumb/v7e-m+fp/hard/libc_nano.a(lib_a-impure.o)
                0x0000000020001100                _impure_ptr
 *(.data.*)
 .data.board_info
                0x0000000020001164       0x10 Tools/AP_Bootloader/AP_Bootloader.cpp.7.o
                0x0000000020001164                board_info
 .data._ZZL13get_randomu16vE3m_w
                0x0000000020001174        0x4 Tools/AP_Bootloader/can.cpp.7.o
 .data._ZZL13get_randomu16vE3m_z
                0x0000000020001178        0x4 Tools/AP_Bootloader/can.cpp.7.o
 *(.ramtext)
                0x000000002000117c                . = ALIGN (0x4)
                [!provide]                        PROVIDE (_edata = .)
                0x000000002000117c                __data_end__ = .

.igot.plt       0x000000002000117c        0x0 load address 0x0000000008004c8c
 .igot.plt      0x000000002000117c        0x0 Tools/AP_Bootloader/AP_Bootloader.cpp.7.o

.bss            0x0000000020001180     0x2978 load address 0x0000000008004c8c
                0x0000000020001180                . = ALIGN (0x4)
                0x0000000020001180                __bss_base__ = .
 *(.bss)
 .bss           0x0000000020001180        0x4 /usr/lib/gcc/arm-none-eabi/10.3.1/../../../arm-none-eabi/lib/thumb/v7e-m+fp/hard/libc_nano.a(lib_a-reent.o)
                0x0000000020001180                errno
 *(.bss.*)
 .bss._ZL9led_state
                0x0000000020001184        0x1 Tools/AP_Bootloader/bl_protocol.cpp.7.o
 *fill*         0x0000000020001185        0x3 
 .bss.timer     0x0000000020001188        0x8 Tools/AP_Bootloader/bl_protocol.cpp.7.o
                0x0000000020001188                timer
 .bss._ZL11node_status
                0x0000000020001190        0xc Tools/AP_Bootloader/can.cpp.7.o
 .bss._ZL15initial_node_id
                0x000000002000119c        0x1 Tools/AP_Bootloader/can.cpp.7.o
 *fill*         0x000000002000119d        0x3 
 .bss._ZL18canard_memory_pool
                0x00000000200011a0     0x1000 Tools/AP_Bootloader/can.cpp.7.o
 .bss._ZL30node_id_allocation_transfer_id
                0x00000000200021a0        0x1 Tools/AP_Bootloader/can.cpp.7.o
 .bss._ZL35node_id_allocation_unique_id_offset
                0x00000000200021a1        0x1 Tools/AP_Bootloader/can.cpp.7.o
 *fill*         0x00000000200021a2        0x2 
 .bss._ZL42send_next_node_id_allocation_request_at_ms
                0x00000000200021a4        0x4 Tools/AP_Bootloader/can.cpp.7.o
 .bss._ZL6canard
                0x00000000200021a8       0x30 Tools/AP_Bootloader/can.cpp.7.o
 .bss._ZL9can_iface
                0x00000000200021d8     0x10d8 Tools/AP_Bootloader/can.cpp.7.o
 .bss._ZL9fw_update
                0x00000000200032b0      0x530 Tools/AP_Bootloader/can.cpp.7.o
 .bss._ZZ10can_updatevE11last_1Hz_ms
                0x00000000200037e0        0x4 Tools/AP_Bootloader/can.cpp.7.o
 .bss._ZZL16send_node_statusvE11transfer_id
                0x00000000200037e4        0x1 Tools/AP_Bootloader/can.cpp.7.o
 .bss._ZZL9processTxvE10fail_count
                0x00000000200037e5        0x1 Tools/AP_Bootloader/can.cpp.7.o
 *fill*         0x00000000200037e6        0x2 
 .bss._ZL15flash_base_page
                0x00000000200037e8        0x4 Tools/AP_Bootloader/support.cpp.7.o
 .bss._ZL4fbuf  0x00000000200037ec       0x28 Tools/AP_Bootloader/support.cpp.7.o
 .bss._ZL9num_pages
                0x0000000020003814        0x2 Tools/AP_Bootloader/support.cpp.7.o
 *fill*         0x0000000020003816        0x2 
 .bss._ZL10can_ifaces
                0x0000000020003818        0x4 lib/libAP_Bootloader_libs.a(CanIface.cpp.0.o)
 .bss._ZN7ChibiOS8CANIface14next_interfaceE
                0x000000002000381c        0x1 lib/libAP_Bootloader_libs.a(CanIface.cpp.0.o)
                0x000000002000381c                ChibiOS::CANIface::next_interface
 *fill*         0x000000002000381d        0x3 
 .bss.__dso_handle
                0x0000000020003820        0x4 lib/libAP_Bootloader_libs.a(system.cpp.8.o)
                0x0000000020003820                __dso_handle
 *fill*         0x0000000020003824        0x4 
 .bss.ch0       0x0000000020003828       0x58 modules/ChibiOS//libch.a(chsys.o)
                0x0000000020003828                ch0
 .bss.ch_c0_idle_thread_wa
                0x0000000020003880      0x1d0 modules/ChibiOS//libch.a(chsys.o)
 .bss.ch_system
                0x0000000020003a50        0x8 modules/ChibiOS//libch.a(chsys.o)
                0x0000000020003a50                ch_system
 .bss._flash_fail_addr
                0x0000000020003a58        0x4 modules/ChibiOS//libch.a(flash.o)
                0x0000000020003a58                _flash_fail_addr
 .bss._flash_fail_buf
                0x0000000020003a5c        0x4 modules/ChibiOS//libch.a(flash.o)
                0x0000000020003a5c                _flash_fail_buf
 .bss._flash_fail_count
                0x0000000020003a60        0x4 modules/ChibiOS//libch.a(flash.o)
                0x0000000020003a60                _flash_fail_count
 .bss._flash_fail_line
                0x0000000020003a64        0x4 modules/ChibiOS//libch.a(flash.o)
                0x0000000020003a64                _flash_fail_line
 .bss.flash_keep_unlocked
                0x0000000020003a68        0x1 modules/ChibiOS//libch.a(flash.o)
 *fill*         0x0000000020003a69        0x3 
 .bss.reset_reason
                0x0000000020003a6c        0x4 modules/ChibiOS//libch.a(watchdog.o)
 .bss.watchdog_enabled
                0x0000000020003a70        0x1 modules/ChibiOS//libch.a(watchdog.o)
 *fill*         0x0000000020003a71        0x3 
 .bss._pal_events
                0x0000000020003a74       0x80 modules/ChibiOS//libch.a(hal_pal_lld.o)
                0x0000000020003a74                _pal_events
 .bss._ZN12_GLOBAL__N_113__new_handlerE
                0x0000000020003af4        0x4 /usr/lib/gcc/arm-none-eabi/10.3.1/../../../arm-none-eabi/lib/thumb/v7e-m+fp/hard/libstdc++_nano.a(new_handler.o)
 *(COMMON)
                0x0000000020003af8                . = ALIGN (0x4)
                0x0000000020003af8                __bss_end__ = .
                [!provide]                        PROVIDE (end = .)

.ram0_init      0x0000000020003af8        0x0 load address 0x0000000008004c8c
                0x0000000020003af8                . = ALIGN (0x4)
                0x0000000008004c8c                __ram0_init_text__ = LOADADDR (.ram0_init)
                0x0000000020003af8                __ram0_init__ = .
 *(.ram0_init)
 *(.ram0_init.*)
                0x0000000020003af8                . = ALIGN (0x4)

.ram0           0x0000000020003af8        0x0 load address 0x0000000008004c8c
                0x0000000020003af8                . = ALIGN (0x4)
                0x0000000020003af8                __ram0_clear__ = .
 *(.ram0_clear)
 *(.ram0_clear.*)
                0x0000000020003af8                . = ALIGN (0x4)
                0x0000000020003af8                __ram0_noinit__ = .
 *(.ram0)
 *(.ram0.*)
                0x0000000020003af8                . = ALIGN (0x4)
                0x0000000020003af8                __ram0_free__ = .

.heap           0x0000000020003af8     0xc508 load address 0x0000000008004c8c
                0x0000000020003af8                . = ALIGN (0x8)
                0x0000000020003af8                __heap_base__ = .
                0x0000000020010000                . = (ORIGIN (HEAP_RAM) + LENGTH (HEAP_RAM))
 *fill*         0x0000000020003af8     0xc508 
                0x0000000020010000                __heap_end__ = .

.crash_log      0x0000000008004c8c     0x4374
                0x0000000008004ca0                . = ALIGN (0x20)
 *fill*         0x0000000008004c8c       0x14 
                0x0000000008004ca0                __crash_log_base__ = .
                0x0000000008009000                . = (ORIGIN (flash) + LENGTH (flash))
 *fill*         0x0000000008004ca0     0x4360 
                0x0000000008009000                __crash_log_end__ = .
                0x0000000000000800                __process_stack_size__ = 0x800
                0x0000000000000800                __main_stack_size__ = 0x800
LOAD Tools/AP_Bootloader/AP_Bootloader.cpp.7.o
LOAD Tools/AP_Bootloader/bl_protocol.cpp.7.o
LOAD Tools/AP_Bootloader/can.cpp.7.o
LOAD Tools/AP_Bootloader/custom.cpp.7.o
LOAD Tools/AP_Bootloader/flash_from_sd.cpp.7.o
LOAD Tools/AP_Bootloader/md5.cpp.7.o
LOAD Tools/AP_Bootloader/network.cpp.7.o
LOAD Tools/AP_Bootloader/support.cpp.7.o
LOAD lib/libAP_Bootloader_libs.a
LOAD Tools/AP_Periph/liblibcanard.a
LOAD /usr/lib/gcc/arm-none-eabi/10.3.1/thumb/v7e-m+fp/hard/libgcc.a
LOAD modules/ChibiOS//libDSP.a
LOAD modules/ChibiOS//libch.a
LOAD /usr/lib/gcc/arm-none-eabi/10.3.1/../../../arm-none-eabi/lib/thumb/v7e-m+fp/hard/libstdc++_nano.a
LOAD /usr/lib/gcc/arm-none-eabi/10.3.1/../../../arm-none-eabi/lib/thumb/v7e-m+fp/hard/libm.a
START GROUP
LOAD /usr/lib/gcc/arm-none-eabi/10.3.1/thumb/v7e-m+fp/hard/libgcc.a
LOAD /usr/lib/gcc/arm-none-eabi/10.3.1/../../../arm-none-eabi/lib/thumb/v7e-m+fp/hard/libc_nano.a
END GROUP
START GROUP
LOAD /usr/lib/gcc/arm-none-eabi/10.3.1/thumb/v7e-m+fp/hard/libgcc.a
LOAD /usr/lib/gcc/arm-none-eabi/10.3.1/../../../arm-none-eabi/lib/thumb/v7e-m+fp/hard/libc_nano.a
LOAD /usr/lib/gcc/arm-none-eabi/10.3.1/../../../arm-none-eabi/lib/thumb/v7e-m+fp/hard/libnosys.a
END GROUP
START GROUP
LOAD /usr/lib/gcc/arm-none-eabi/10.3.1/thumb/v7e-m+fp/hard/libgcc.a
LOAD /usr/lib/gcc/arm-none-eabi/10.3.1/../../../arm-none-eabi/lib/thumb/v7e-m+fp/hard/libc_nano.a
LOAD /usr/lib/gcc/arm-none-eabi/10.3.1/../../../arm-none-eabi/lib/thumb/v7e-m+fp/hard/libnosys.a
END GROUP
OUTPUT(bootloader/AP_Bootloader elf32-littlearm)
LOAD linker stubs

.comment        0x0000000000000000       0x33
 .comment       0x0000000000000000       0x33 Tools/AP_Bootloader/AP_Bootloader.cpp.7.o
                                         0x34 (size before relaxing)
 .comment       0x0000000000000033       0x34 Tools/AP_Bootloader/bl_protocol.cpp.7.o
 .comment       0x0000000000000033       0x34 Tools/AP_Bootloader/can.cpp.7.o
 .comment       0x0000000000000033       0x34 Tools/AP_Bootloader/support.cpp.7.o
 .comment       0x0000000000000033       0x34 lib/libAP_Bootloader_libs.a(uavcan.protocol.GetNodeInfo_res.c.5.o)
 .comment       0x0000000000000033       0x34 lib/libAP_Bootloader_libs.a(uavcan.protocol.NodeStatus.c.5.o)
 .comment       0x0000000000000033       0x34 lib/libAP_Bootloader_libs.a(uavcan.protocol.dynamic_node_id.Allocation.c.5.o)
 .comment       0x0000000000000033       0x34 lib/libAP_Bootloader_libs.a(uavcan.protocol.file.BeginFirmwareUpdate_req.c.5.o)
 .comment       0x0000000000000033       0x34 lib/libAP_Bootloader_libs.a(uavcan.protocol.file.BeginFirmwareUpdate_res.c.5.o)
 .comment       0x0000000000000033       0x34 lib/libAP_Bootloader_libs.a(uavcan.protocol.file.Read_req.c.5.o)
 .comment       0x0000000000000033       0x34 lib/libAP_Bootloader_libs.a(uavcan.protocol.file.Read_res.c.5.o)
 .comment       0x0000000000000033       0x34 lib/libAP_Bootloader_libs.a(crc.cpp.0.o)
 .comment       0x0000000000000033       0x34 lib/libAP_Bootloader_libs.a(AP_CheckFirmware.cpp.0.o)
 .comment       0x0000000000000033       0x34 lib/libAP_Bootloader_libs.a(RingBuffer.cpp.0.o)
 .comment       0x0000000000000033       0x34 lib/libAP_Bootloader_libs.a(CanIface.cpp.0.o)
 .comment       0x0000000000000033       0x34 lib/libAP_Bootloader_libs.a(system.cpp.8.o)
 .comment       0x0000000000000033       0x34 lib/libAP_Bootloader_libs.a(CANIface.cpp.0.o)
 .comment       0x0000000000000033       0x34 Tools/AP_Periph/liblibcanard.a(canard.c.23.o)
 .comment       0x0000000000000033       0x34 modules/ChibiOS//libch.a(chcore.o)
 .comment       0x0000000000000033       0x34 modules/ChibiOS//libch.a(nvic.o)
 .comment       0x0000000000000033       0x34 modules/ChibiOS//libch.a(chschd.o)
 .comment       0x0000000000000033       0x34 modules/ChibiOS//libch.a(chsys.o)
 .comment       0x0000000000000033       0x34 modules/ChibiOS//libch.a(chthreads.o)
 .comment       0x0000000000000033       0x34 modules/ChibiOS//libch.a(chvt.o)
 .comment       0x0000000000000033       0x34 modules/ChibiOS//libch.a(stubs.o)
 .comment       0x0000000000000033       0x34 modules/ChibiOS//libch.a(flash.o)
 .comment       0x0000000000000033       0x34 modules/ChibiOS//libch.a(malloc.o)
 .comment       0x0000000000000033       0x34 modules/ChibiOS//libch.a(hrt.o)
 .comment       0x0000000000000033       0x34 modules/ChibiOS//libch.a(stm32_util.o)
 .comment       0x0000000000000033       0x34 modules/ChibiOS//libch.a(watchdog.o)
 .comment       0x0000000000000033       0x34 modules/ChibiOS//libch.a(crt1.o)
 .comment       0x0000000000000033       0x34 modules/ChibiOS//libch.a(hal_st.o)
 .comment       0x0000000000000033       0x34 modules/ChibiOS//libch.a(chinstances.o)
 .comment       0x0000000000000033       0x34 modules/ChibiOS//libch.a(chrfcu.o)
 .comment       0x0000000000000033       0x34 modules/ChibiOS//libch.a(board.o)
 .comment       0x0000000000000033       0x34 modules/ChibiOS//libch.a(hal_st_lld.o)
 .comment       0x0000000000000033       0x34 modules/ChibiOS//libch.a(hal_lld.o)
 .comment       0x0000000000000033       0x34 modules/ChibiOS//libch.a(stm32_isr.o)
 .comment       0x0000000000000033       0x34 modules/ChibiOS//libch.a(hal.o)
 .comment       0x0000000000000033       0x34 modules/ChibiOS//libch.a(hal_pal_lld.o)
 .comment       0x0000000000000033       0x34 /usr/lib/gcc/arm-none-eabi/10.3.1/../../../arm-none-eabi/lib/thumb/v7e-m+fp/hard/libstdc++_nano.a(atexit_arm.o)
 .comment       0x0000000000000033       0x34 /usr/lib/gcc/arm-none-eabi/10.3.1/../../../arm-none-eabi/lib/thumb/v7e-m+fp/hard/libstdc++_nano.a(del_op.o)
 .comment       0x0000000000000033       0x34 /usr/lib/gcc/arm-none-eabi/10.3.1/../../../arm-none-eabi/lib/thumb/v7e-m+fp/hard/libstdc++_nano.a(new_op.o)
 .comment       0x0000000000000033       0x34 /usr/lib/gcc/arm-none-eabi/10.3.1/../../../arm-none-eabi/lib/thumb/v7e-m+fp/hard/libstdc++_nano.a(new_handler.o)
 .comment       0x0000000000000033       0x34 /usr/lib/gcc/arm-none-eabi/10.3.1/../../../arm-none-eabi/lib/thumb/v7e-m+fp/hard/libc_nano.a(lib_a-abort.o)
 .comment       0x0000000000000033       0x34 /usr/lib/gcc/arm-none-eabi/10.3.1/../../../arm-none-eabi/lib/thumb/v7e-m+fp/hard/libc_nano.a(lib_a-calloc.o)
 .comment       0x0000000000000033       0x34 /usr/lib/gcc/arm-none-eabi/10.3.1/../../../arm-none-eabi/lib/thumb/v7e-m+fp/hard/libc_nano.a(lib_a-cxa_atexit.o)
 .comment       0x0000000000000033       0x34 /usr/lib/gcc/arm-none-eabi/10.3.1/../../../arm-none-eabi/lib/thumb/v7e-m+fp/hard/libc_nano.a(lib_a-impure.o)
 .comment       0x0000000000000033       0x34 /usr/lib/gcc/arm-none-eabi/10.3.1/../../../arm-none-eabi/lib/thumb/v7e-m+fp/hard/libc_nano.a(lib_a-malloc.o)
 .comment       0x0000000000000033       0x34 /usr/lib/gcc/arm-none-eabi/10.3.1/../../../arm-none-eabi/lib/thumb/v7e-m+fp/hard/libc_nano.a(lib_a-memcmp.o)
 .comment       0x0000000000000033       0x34 /usr/lib/gcc/arm-none-eabi/10.3.1/../../../arm-none-eabi/lib/thumb/v7e-m+fp/hard/libc_nano.a(lib_a-memmem.o)
 .comment       0x0000000000000033       0x34 /usr/lib/gcc/arm-none-eabi/10.3.1/../../../arm-none-eabi/lib/thumb/v7e-m+fp/hard/libc_nano.a(lib_a-signal.o)
 .comment       0x0000000000000033       0x34 /usr/lib/gcc/arm-none-eabi/10.3.1/../../../arm-none-eabi/lib/thumb/v7e-m+fp/hard/libc_nano.a(lib_a-signalr.o)
 .comment       0x0000000000000033       0x34 /usr/lib/gcc/arm-none-eabi/10.3.1/../../../arm-none-eabi/lib/thumb/v7e-m+fp/hard/libc_nano.a(lib_a-strcpy.o)
 .comment       0x0000000000000033       0x34 /usr/lib/gcc/arm-none-eabi/10.3.1/../../../arm-none-eabi/lib/thumb/v7e-m+fp/hard/libc_nano.a(lib_a-reent.o)

.ARM.attributes
                0x0000000000000000       0x32
 .ARM.attributes
                0x0000000000000000       0x34 Tools/AP_Bootloader/AP_Bootloader.cpp.7.o
 .ARM.attributes
                0x0000000000000034       0x34 Tools/AP_Bootloader/bl_protocol.cpp.7.o
 .ARM.attributes
                0x0000000000000068       0x34 Tools/AP_Bootloader/can.cpp.7.o
 .ARM.attributes
                0x000000000000009c       0x34 Tools/AP_Bootloader/support.cpp.7.o
 .ARM.attributes
                0x00000000000000d0       0x34 lib/libAP_Bootloader_libs.a(uavcan.protocol.GetNodeInfo_res.c.5.o)
 .ARM.attributes
                0x0000000000000104       0x34 lib/libAP_Bootloader_libs.a(uavcan.protocol.NodeStatus.c.5.o)
 .ARM.attributes
                0x0000000000000138       0x34 lib/libAP_Bootloader_libs.a(uavcan.protocol.dynamic_node_id.Allocation.c.5.o)
 .ARM.attributes
                0x000000000000016c       0x34 lib/libAP_Bootloader_libs.a(uavcan.protocol.file.BeginFirmwareUpdate_req.c.5.o)
 .ARM.attributes
                0x00000000000001a0       0x34 lib/libAP_Bootloader_libs.a(uavcan.protocol.file.BeginFirmwareUpdate_res.c.5.o)
 .ARM.attributes
                0x00000000000001d4       0x34 lib/libAP_Bootloader_libs.a(uavcan.protocol.file.Read_req.c.5.o)
 .ARM.attributes
                0x0000000000000208       0x34 lib/libAP_Bootloader_libs.a(uavcan.protocol.file.Read_res.c.5.o)
 .ARM.attributes
                0x000000000000023c       0x34 lib/libAP_Bootloader_libs.a(crc.cpp.0.o)
 .ARM.attributes
                0x0000000000000270       0x34 lib/libAP_Bootloader_libs.a(AP_CheckFirmware.cpp.0.o)
 .ARM.attributes
                0x00000000000002a4       0x34 lib/libAP_Bootloader_libs.a(RingBuffer.cpp.0.o)
 .ARM.attributes
                0x00000000000002d8       0x34 lib/libAP_Bootloader_libs.a(CanIface.cpp.0.o)
 .ARM.attributes
                0x000000000000030c       0x34 lib/libAP_Bootloader_libs.a(system.cpp.8.o)
 .ARM.attributes
                0x0000000000000340       0x34 lib/libAP_Bootloader_libs.a(CANIface.cpp.0.o)
 .ARM.attributes
                0x0000000000000374       0x34 Tools/AP_Periph/liblibcanard.a(canard.c.23.o)
 .ARM.attributes
                0x00000000000003a8       0x21 modules/ChibiOS//libch.a(vectors.o)
 .ARM.attributes
                0x00000000000003c9       0x34 modules/ChibiOS//libch.a(chcore.o)
 .ARM.attributes
                0x00000000000003fd       0x34 modules/ChibiOS//libch.a(nvic.o)
 .ARM.attributes
                0x0000000000000431       0x34 modules/ChibiOS//libch.a(chschd.o)
 .ARM.attributes
                0x0000000000000465       0x34 modules/ChibiOS//libch.a(chsys.o)
 .ARM.attributes
                0x0000000000000499       0x34 modules/ChibiOS//libch.a(chthreads.o)
 .ARM.attributes
                0x00000000000004cd       0x34 modules/ChibiOS//libch.a(chvt.o)
 .ARM.attributes
                0x0000000000000501       0x34 modules/ChibiOS//libch.a(stubs.o)
 .ARM.attributes
                0x0000000000000535       0x34 modules/ChibiOS//libch.a(flash.o)
 .ARM.attributes
                0x0000000000000569       0x34 modules/ChibiOS//libch.a(malloc.o)
 .ARM.attributes
                0x000000000000059d       0x34 modules/ChibiOS//libch.a(hrt.o)
 .ARM.attributes
                0x00000000000005d1       0x34 modules/ChibiOS//libch.a(stm32_util.o)
 .ARM.attributes
                0x0000000000000605       0x34 modules/ChibiOS//libch.a(watchdog.o)
 .ARM.attributes
                0x0000000000000639       0x25 modules/ChibiOS//libch.a(crt0_v7m.o)
 .ARM.attributes
                0x000000000000065e       0x25 modules/ChibiOS//libch.a(chcoreasm.o)
 .ARM.attributes
                0x0000000000000683       0x34 modules/ChibiOS//libch.a(crt1.o)
 .ARM.attributes
                0x00000000000006b7       0x34 modules/ChibiOS//libch.a(hal_st.o)
 .ARM.attributes
                0x00000000000006eb       0x34 modules/ChibiOS//libch.a(chinstances.o)
 .ARM.attributes
                0x000000000000071f       0x34 modules/ChibiOS//libch.a(chrfcu.o)
 .ARM.attributes
                0x0000000000000753       0x34 modules/ChibiOS//libch.a(board.o)
 .ARM.attributes
                0x0000000000000787       0x34 modules/ChibiOS//libch.a(hal_st_lld.o)
 .ARM.attributes
                0x00000000000007bb       0x34 modules/ChibiOS//libch.a(hal_lld.o)
 .ARM.attributes
                0x00000000000007ef       0x34 modules/ChibiOS//libch.a(stm32_isr.o)
 .ARM.attributes
                0x0000000000000823       0x34 modules/ChibiOS//libch.a(hal.o)
 .ARM.attributes
                0x0000000000000857       0x34 modules/ChibiOS//libch.a(hal_pal_lld.o)
 .ARM.attributes
                0x000000000000088b       0x34 /usr/lib/gcc/arm-none-eabi/10.3.1/../../../arm-none-eabi/lib/thumb/v7e-m+fp/hard/libstdc++_nano.a(atexit_arm.o)
 .ARM.attributes
                0x00000000000008bf       0x34 /usr/lib/gcc/arm-none-eabi/10.3.1/../../../arm-none-eabi/lib/thumb/v7e-m+fp/hard/libstdc++_nano.a(del_op.o)
 .ARM.attributes
                0x00000000000008f3       0x34 /usr/lib/gcc/arm-none-eabi/10.3.1/../../../arm-none-eabi/lib/thumb/v7e-m+fp/hard/libstdc++_nano.a(new_op.o)
 .ARM.attributes
                0x0000000000000927       0x34 /usr/lib/gcc/arm-none-eabi/10.3.1/../../../arm-none-eabi/lib/thumb/v7e-m+fp/hard/libstdc++_nano.a(new_handler.o)
 .ARM.attributes
                0x000000000000095b       0x34 /usr/lib/gcc/arm-none-eabi/10.3.1/../../../arm-none-eabi/lib/thumb/v7e-m+fp/hard/libc_nano.a(lib_a-abort.o)
 .ARM.attributes
                0x000000000000098f       0x34 /usr/lib/gcc/arm-none-eabi/10.3.1/../../../arm-none-eabi/lib/thumb/v7e-m+fp/hard/libc_nano.a(lib_a-calloc.o)
 .ARM.attributes
                0x00000000000009c3       0x34 /usr/lib/gcc/arm-none-eabi/10.3.1/../../../arm-none-eabi/lib/thumb/v7e-m+fp/hard/libc_nano.a(lib_a-cxa_atexit.o)
 .ARM.attributes
                0x00000000000009f7       0x32 /usr/lib/gcc/arm-none-eabi/10.3.1/../../../arm-none-eabi/lib/thumb/v7e-m+fp/hard/libc_nano.a(lib_a-impure.o)
 .ARM.attributes
                0x0000000000000a29       0x34 /usr/lib/gcc/arm-none-eabi/10.3.1/../../../arm-none-eabi/lib/thumb/v7e-m+fp/hard/libc_nano.a(lib_a-malloc.o)
 .ARM.attributes
                0x0000000000000a5d       0x34 /usr/lib/gcc/arm-none-eabi/10.3.1/../../../arm-none-eabi/lib/thumb/v7e-m+fp/hard/libc_nano.a(lib_a-memcmp.o)
 .ARM.attributes
                0x0000000000000a91       0x34 /usr/lib/gcc/arm-none-eabi/10.3.1/../../../arm-none-eabi/lib/thumb/v7e-m+fp/hard/libc_nano.a(lib_a-memmem.o)
 .ARM.attributes
                0x0000000000000ac5       0x34 /usr/lib/gcc/arm-none-eabi/10.3.1/../../../arm-none-eabi/lib/thumb/v7e-m+fp/hard/libc_nano.a(lib_a-signal.o)
 .ARM.attributes
                0x0000000000000af9       0x34 /usr/lib/gcc/arm-none-eabi/10.3.1/../../../arm-none-eabi/lib/thumb/v7e-m+fp/hard/libc_nano.a(lib_a-signalr.o)
 .ARM.attributes
                0x0000000000000b2d       0x34 /usr/lib/gcc/arm-none-eabi/10.3.1/../../../arm-none-eabi/lib/thumb/v7e-m+fp/hard/libc_nano.a(lib_a-strcpy.o)
 .ARM.attributes
                0x0000000000000b61       0x1c /usr/lib/gcc/arm-none-eabi/10.3.1/../../../arm-none-eabi/lib/thumb/v7e-m+fp/hard/libc_nano.a(lib_a-memchr.o)
 .ARM.attributes
                0x0000000000000b7d       0x34 /usr/lib/gcc/arm-none-eabi/10.3.1/../../../arm-none-eabi/lib/thumb/v7e-m+fp/hard/libc_nano.a(lib_a-reent.o)

.debug_info     0x0000000000000000     0x5b06
 .debug_info    0x0000000000000000      0x166 /usr/lib/gcc/arm-none-eabi/10.3.1/../../../arm-none-eabi/lib/thumb/v7e-m+fp/hard/libstdc++_nano.a(atexit_arm.o)
 .debug_info    0x0000000000000166      0x8a2 /usr/lib/gcc/arm-none-eabi/10.3.1/../../../arm-none-eabi/lib/thumb/v7e-m+fp/hard/libstdc++_nano.a(del_op.o)
 .debug_info    0x0000000000000a08      0x92d /usr/lib/gcc/arm-none-eabi/10.3.1/../../../arm-none-eabi/lib/thumb/v7e-m+fp/hard/libstdc++_nano.a(new_op.o)
 .debug_info    0x0000000000001335      0x455 /usr/lib/gcc/arm-none-eabi/10.3.1/../../../arm-none-eabi/lib/thumb/v7e-m+fp/hard/libstdc++_nano.a(new_handler.o)
 .debug_info    0x000000000000178a       0xcb /usr/lib/gcc/arm-none-eabi/10.3.1/../../../arm-none-eabi/lib/thumb/v7e-m+fp/hard/libc_nano.a(lib_a-abort.o)
 .debug_info    0x0000000000001855      0x804 /usr/lib/gcc/arm-none-eabi/10.3.1/../../../arm-none-eabi/lib/thumb/v7e-m+fp/hard/libc_nano.a(lib_a-calloc.o)
 .debug_info    0x0000000000002059      0x1f8 /usr/lib/gcc/arm-none-eabi/10.3.1/../../../arm-none-eabi/lib/thumb/v7e-m+fp/hard/libc_nano.a(lib_a-cxa_atexit.o)
 .debug_info    0x0000000000002251      0x863 /usr/lib/gcc/arm-none-eabi/10.3.1/../../../arm-none-eabi/lib/thumb/v7e-m+fp/hard/libc_nano.a(lib_a-impure.o)
 .debug_info    0x0000000000002ab4      0x832 /usr/lib/gcc/arm-none-eabi/10.3.1/../../../arm-none-eabi/lib/thumb/v7e-m+fp/hard/libc_nano.a(lib_a-malloc.o)
 .debug_info    0x00000000000032e6      0x138 /usr/lib/gcc/arm-none-eabi/10.3.1/../../../arm-none-eabi/lib/thumb/v7e-m+fp/hard/libc_nano.a(lib_a-memcmp.o)
 .debug_info    0x000000000000341e      0x543 /usr/lib/gcc/arm-none-eabi/10.3.1/../../../arm-none-eabi/lib/thumb/v7e-m+fp/hard/libc_nano.a(lib_a-memmem.o)
 .debug_info    0x0000000000003961      0xdcc /usr/lib/gcc/arm-none-eabi/10.3.1/../../../arm-none-eabi/lib/thumb/v7e-m+fp/hard/libc_nano.a(lib_a-signal.o)
 .debug_info    0x000000000000472d      0x871 /usr/lib/gcc/arm-none-eabi/10.3.1/../../../arm-none-eabi/lib/thumb/v7e-m+fp/hard/libc_nano.a(lib_a-signalr.o)
 .debug_info    0x0000000000004f9e       0xc4 /usr/lib/gcc/arm-none-eabi/10.3.1/../../../arm-none-eabi/lib/thumb/v7e-m+fp/hard/libc_nano.a(lib_a-strcpy.o)
 .debug_info    0x0000000000005062       0x26 /usr/lib/gcc/arm-none-eabi/10.3.1/../../../arm-none-eabi/lib/thumb/v7e-m+fp/hard/libc_nano.a(lib_a-memchr.o)
 .debug_info    0x0000000000005088      0xa7e /usr/lib/gcc/arm-none-eabi/10.3.1/../../../arm-none-eabi/lib/thumb/v7e-m+fp/hard/libc_nano.a(lib_a-reent.o)

.debug_abbrev   0x0000000000000000     0x1ae4
 .debug_abbrev  0x0000000000000000      0x117 /usr/lib/gcc/arm-none-eabi/10.3.1/../../../arm-none-eabi/lib/thumb/v7e-m+fp/hard/libstdc++_nano.a(atexit_arm.o)
 .debug_abbrev  0x0000000000000117      0x2ee /usr/lib/gcc/arm-none-eabi/10.3.1/../../../arm-none-eabi/lib/thumb/v7e-m+fp/hard/libstdc++_nano.a(del_op.o)
 .debug_abbrev  0x0000000000000405      0x338 /usr/lib/gcc/arm-none-eabi/10.3.1/../../../arm-none-eabi/lib/thumb/v7e-m+fp/hard/libstdc++_nano.a(new_op.o)
 .debug_abbrev  0x000000000000073d      0x2d9 /usr/lib/gcc/arm-none-eabi/10.3.1/../../../arm-none-eabi/lib/thumb/v7e-m+fp/hard/libstdc++_nano.a(new_handler.o)
 .debug_abbrev  0x0000000000000a16       0x80 /usr/lib/gcc/arm-none-eabi/10.3.1/../../../arm-none-eabi/lib/thumb/v7e-m+fp/hard/libc_nano.a(lib_a-abort.o)
 .debug_abbrev  0x0000000000000a96      0x1ae /usr/lib/gcc/arm-none-eabi/10.3.1/../../../arm-none-eabi/lib/thumb/v7e-m+fp/hard/libc_nano.a(lib_a-calloc.o)
 .debug_abbrev  0x0000000000000c44      0x168 /usr/lib/gcc/arm-none-eabi/10.3.1/../../../arm-none-eabi/lib/thumb/v7e-m+fp/hard/libc_nano.a(lib_a-cxa_atexit.o)
 .debug_abbrev  0x0000000000000dac      0x151 /usr/lib/gcc/arm-none-eabi/10.3.1/../../../arm-none-eabi/lib/thumb/v7e-m+fp/hard/libc_nano.a(lib_a-impure.o)
 .debug_abbrev  0x0000000000000efd      0x1b6 /usr/lib/gcc/arm-none-eabi/10.3.1/../../../arm-none-eabi/lib/thumb/v7e-m+fp/hard/libc_nano.a(lib_a-malloc.o)
 .debug_abbrev  0x00000000000010b3       0x8d /usr/lib/gcc/arm-none-eabi/10.3.1/../../../arm-none-eabi/lib/thumb/v7e-m+fp/hard/libc_nano.a(lib_a-memcmp.o)
 .debug_abbrev  0x0000000000001140      0x21b /usr/lib/gcc/arm-none-eabi/10.3.1/../../../arm-none-eabi/lib/thumb/v7e-m+fp/hard/libc_nano.a(lib_a-memmem.o)
 .debug_abbrev  0x000000000000135b      0x2ba /usr/lib/gcc/arm-none-eabi/10.3.1/../../../arm-none-eabi/lib/thumb/v7e-m+fp/hard/libc_nano.a(lib_a-signal.o)
 .debug_abbrev  0x0000000000001615      0x1db /usr/lib/gcc/arm-none-eabi/10.3.1/../../../arm-none-eabi/lib/thumb/v7e-m+fp/hard/libc_nano.a(lib_a-signalr.o)
 .debug_abbrev  0x00000000000017f0       0x7b /usr/lib/gcc/arm-none-eabi/10.3.1/../../../arm-none-eabi/lib/thumb/v7e-m+fp/hard/libc_nano.a(lib_a-strcpy.o)
 .debug_abbrev  0x000000000000186b       0x14 /usr/lib/gcc/arm-none-eabi/10.3.1/../../../arm-none-eabi/lib/thumb/v7e-m+fp/hard/libc_nano.a(lib_a-memchr.o)
 .debug_abbrev  0x000000000000187f      0x265 /usr/lib/gcc/arm-none-eabi/10.3.1/../../../arm-none-eabi/lib/thumb/v7e-m+fp/hard/libc_nano.a(lib_a-reent.o)

.debug_loc      0x0000000000000000     0x1fc7
 .debug_loc     0x0000000000000000       0x89 /usr/lib/gcc/arm-none-eabi/10.3.1/../../../arm-none-eabi/lib/thumb/v7e-m+fp/hard/libstdc++_nano.a(atexit_arm.o)
 .debug_loc     0x0000000000000089       0x25 /usr/lib/gcc/arm-none-eabi/10.3.1/../../../arm-none-eabi/lib/thumb/v7e-m+fp/hard/libstdc++_nano.a(del_op.o)
 .debug_loc     0x00000000000000ae       0x76 /usr/lib/gcc/arm-none-eabi/10.3.1/../../../arm-none-eabi/lib/thumb/v7e-m+fp/hard/libstdc++_nano.a(new_op.o)
 .debug_loc     0x0000000000000124       0x37 /usr/lib/gcc/arm-none-eabi/10.3.1/../../../arm-none-eabi/lib/thumb/v7e-m+fp/hard/libstdc++_nano.a(new_handler.o)
 .debug_loc     0x000000000000015b       0x64 /usr/lib/gcc/arm-none-eabi/10.3.1/../../../arm-none-eabi/lib/thumb/v7e-m+fp/hard/libc_nano.a(lib_a-calloc.o)
 .debug_loc     0x00000000000001bf       0xcd /usr/lib/gcc/arm-none-eabi/10.3.1/../../../arm-none-eabi/lib/thumb/v7e-m+fp/hard/libc_nano.a(lib_a-cxa_atexit.o)
 .debug_loc     0x000000000000028c       0x64 /usr/lib/gcc/arm-none-eabi/10.3.1/../../../arm-none-eabi/lib/thumb/v7e-m+fp/hard/libc_nano.a(lib_a-malloc.o)
 .debug_loc     0x00000000000002f0      0x1db /usr/lib/gcc/arm-none-eabi/10.3.1/../../../arm-none-eabi/lib/thumb/v7e-m+fp/hard/libc_nano.a(lib_a-memcmp.o)
 .debug_loc     0x00000000000004cb      0xed3 /usr/lib/gcc/arm-none-eabi/10.3.1/../../../arm-none-eabi/lib/thumb/v7e-m+fp/hard/libc_nano.a(lib_a-memmem.o)
 .debug_loc     0x000000000000139e      0x967 /usr/lib/gcc/arm-none-eabi/10.3.1/../../../arm-none-eabi/lib/thumb/v7e-m+fp/hard/libc_nano.a(lib_a-signal.o)
 .debug_loc     0x0000000000001d05       0xd0 /usr/lib/gcc/arm-none-eabi/10.3.1/../../../arm-none-eabi/lib/thumb/v7e-m+fp/hard/libc_nano.a(lib_a-signalr.o)
 .debug_loc     0x0000000000001dd5       0x25 /usr/lib/gcc/arm-none-eabi/10.3.1/../../../arm-none-eabi/lib/thumb/v7e-m+fp/hard/libc_nano.a(lib_a-strcpy.o)
 .debug_loc     0x0000000000001dfa      0x1cd /usr/lib/gcc/arm-none-eabi/10.3.1/../../../arm-none-eabi/lib/thumb/v7e-m+fp/hard/libc_nano.a(lib_a-reent.o)

.debug_aranges  0x0000000000000000      0x200
 .debug_aranges
                0x0000000000000000       0x20 /usr/lib/gcc/arm-none-eabi/10.3.1/../../../arm-none-eabi/lib/thumb/v7e-m+fp/hard/libstdc++_nano.a(atexit_arm.o)
 .debug_aranges
                0x0000000000000020       0x20 /usr/lib/gcc/arm-none-eabi/10.3.1/../../../arm-none-eabi/lib/thumb/v7e-m+fp/hard/libstdc++_nano.a(del_op.o)
 .debug_aranges
                0x0000000000000040       0x20 /usr/lib/gcc/arm-none-eabi/10.3.1/../../../arm-none-eabi/lib/thumb/v7e-m+fp/hard/libstdc++_nano.a(new_op.o)
 .debug_aranges
                0x0000000000000060       0x28 /usr/lib/gcc/arm-none-eabi/10.3.1/../../../arm-none-eabi/lib/thumb/v7e-m+fp/hard/libstdc++_nano.a(new_handler.o)
 .debug_aranges
                0x0000000000000088       0x20 /usr/lib/gcc/arm-none-eabi/10.3.1/../../../arm-none-eabi/lib/thumb/v7e-m+fp/hard/libc_nano.a(lib_a-abort.o)
 .debug_aranges
                0x00000000000000a8       0x20 /usr/lib/gcc/arm-none-eabi/10.3.1/../../../arm-none-eabi/lib/thumb/v7e-m+fp/hard/libc_nano.a(lib_a-calloc.o)
 .debug_aranges
                0x00000000000000c8       0x20 /usr/lib/gcc/arm-none-eabi/10.3.1/../../../arm-none-eabi/lib/thumb/v7e-m+fp/hard/libc_nano.a(lib_a-cxa_atexit.o)
 .debug_aranges
                0x00000000000000e8       0x18 /usr/lib/gcc/arm-none-eabi/10.3.1/../../../arm-none-eabi/lib/thumb/v7e-m+fp/hard/libc_nano.a(lib_a-impure.o)
 .debug_aranges
                0x0000000000000100       0x20 /usr/lib/gcc/arm-none-eabi/10.3.1/../../../arm-none-eabi/lib/thumb/v7e-m+fp/hard/libc_nano.a(lib_a-malloc.o)
 .debug_aranges
                0x0000000000000120       0x20 /usr/lib/gcc/arm-none-eabi/10.3.1/../../../arm-none-eabi/lib/thumb/v7e-m+fp/hard/libc_nano.a(lib_a-memcmp.o)
 .debug_aranges
                0x0000000000000140       0x20 /usr/lib/gcc/arm-none-eabi/10.3.1/../../../arm-none-eabi/lib/thumb/v7e-m+fp/hard/libc_nano.a(lib_a-memmem.o)
 .debug_aranges
                0x0000000000000160       0x20 /usr/lib/gcc/arm-none-eabi/10.3.1/../../../arm-none-eabi/lib/thumb/v7e-m+fp/hard/libc_nano.a(lib_a-signal.o)
 .debug_aranges
                0x0000000000000180       0x20 /usr/lib/gcc/arm-none-eabi/10.3.1/../../../arm-none-eabi/lib/thumb/v7e-m+fp/hard/libc_nano.a(lib_a-signalr.o)
 .debug_aranges
                0x00000000000001a0       0x20 /usr/lib/gcc/arm-none-eabi/10.3.1/../../../arm-none-eabi/lib/thumb/v7e-m+fp/hard/libc_nano.a(lib_a-strcpy.o)
 .debug_aranges
                0x00000000000001c0       0x20 /usr/lib/gcc/arm-none-eabi/10.3.1/../../../arm-none-eabi/lib/thumb/v7e-m+fp/hard/libc_nano.a(lib_a-memchr.o)
 .debug_aranges
                0x00000000000001e0       0x20 /usr/lib/gcc/arm-none-eabi/10.3.1/../../../arm-none-eabi/lib/thumb/v7e-m+fp/hard/libc_nano.a(lib_a-reent.o)

.debug_ranges   0x0000000000000000      0x188
 .debug_ranges  0x0000000000000000       0x10 /usr/lib/gcc/arm-none-eabi/10.3.1/../../../arm-none-eabi/lib/thumb/v7e-m+fp/hard/libstdc++_nano.a(atexit_arm.o)
 .debug_ranges  0x0000000000000010       0x10 /usr/lib/gcc/arm-none-eabi/10.3.1/../../../arm-none-eabi/lib/thumb/v7e-m+fp/hard/libstdc++_nano.a(del_op.o)
 .debug_ranges  0x0000000000000020       0x10 /usr/lib/gcc/arm-none-eabi/10.3.1/../../../arm-none-eabi/lib/thumb/v7e-m+fp/hard/libstdc++_nano.a(new_op.o)
 .debug_ranges  0x0000000000000030       0x18 /usr/lib/gcc/arm-none-eabi/10.3.1/../../../arm-none-eabi/lib/thumb/v7e-m+fp/hard/libstdc++_nano.a(new_handler.o)
 .debug_ranges  0x0000000000000048       0x68 /usr/lib/gcc/arm-none-eabi/10.3.1/../../../arm-none-eabi/lib/thumb/v7e-m+fp/hard/libc_nano.a(lib_a-memmem.o)
 .debug_ranges  0x00000000000000b0       0xc8 /usr/lib/gcc/arm-none-eabi/10.3.1/../../../arm-none-eabi/lib/thumb/v7e-m+fp/hard/libc_nano.a(lib_a-signal.o)
 .debug_ranges  0x0000000000000178       0x10 /usr/lib/gcc/arm-none-eabi/10.3.1/../../../arm-none-eabi/lib/thumb/v7e-m+fp/hard/libc_nano.a(lib_a-strcpy.o)

.debug_line     0x0000000000000000     0x236c
 .debug_line    0x0000000000000000      0x181 /usr/lib/gcc/arm-none-eabi/10.3.1/../../../arm-none-eabi/lib/thumb/v7e-m+fp/hard/libstdc++_nano.a(atexit_arm.o)
 .debug_line    0x0000000000000181      0x27c /usr/lib/gcc/arm-none-eabi/10.3.1/../../../arm-none-eabi/lib/thumb/v7e-m+fp/hard/libstdc++_nano.a(del_op.o)
 .debug_line    0x00000000000003fd      0x2b1 /usr/lib/gcc/arm-none-eabi/10.3.1/../../../arm-none-eabi/lib/thumb/v7e-m+fp/hard/libstdc++_nano.a(new_op.o)
 .debug_line    0x00000000000006ae      0x253 /usr/lib/gcc/arm-none-eabi/10.3.1/../../../arm-none-eabi/lib/thumb/v7e-m+fp/hard/libstdc++_nano.a(new_handler.o)
 .debug_line    0x0000000000000901      0x109 /usr/lib/gcc/arm-none-eabi/10.3.1/../../../arm-none-eabi/lib/thumb/v7e-m+fp/hard/libc_nano.a(lib_a-abort.o)
 .debug_line    0x0000000000000a0a      0x150 /usr/lib/gcc/arm-none-eabi/10.3.1/../../../arm-none-eabi/lib/thumb/v7e-m+fp/hard/libc_nano.a(lib_a-calloc.o)
 .debug_line    0x0000000000000b5a       0xed /usr/lib/gcc/arm-none-eabi/10.3.1/../../../arm-none-eabi/lib/thumb/v7e-m+fp/hard/libc_nano.a(lib_a-cxa_atexit.o)
 .debug_line    0x0000000000000c47       0xe4 /usr/lib/gcc/arm-none-eabi/10.3.1/../../../arm-none-eabi/lib/thumb/v7e-m+fp/hard/libc_nano.a(lib_a-impure.o)
 .debug_line    0x0000000000000d2b      0x15f /usr/lib/gcc/arm-none-eabi/10.3.1/../../../arm-none-eabi/lib/thumb/v7e-m+fp/hard/libc_nano.a(lib_a-malloc.o)
 .debug_line    0x0000000000000e8a      0x17a /usr/lib/gcc/arm-none-eabi/10.3.1/../../../arm-none-eabi/lib/thumb/v7e-m+fp/hard/libc_nano.a(lib_a-memcmp.o)
 .debug_line    0x0000000000001004      0x748 /usr/lib/gcc/arm-none-eabi/10.3.1/../../../arm-none-eabi/lib/thumb/v7e-m+fp/hard/libc_nano.a(lib_a-memmem.o)
 .debug_line    0x000000000000174c      0x652 /usr/lib/gcc/arm-none-eabi/10.3.1/../../../arm-none-eabi/lib/thumb/v7e-m+fp/hard/libc_nano.a(lib_a-signal.o)